../Core/Src/main.c:169:26:IMU_WriteReg	32	static
../Core/Src/main.c:175:26:IMU_ReadReg	32	static
../Core/Src/main.c:184:13:USB_Print	24	static
../Core/Src/main.c:200:13:I2C_Scan	40	static
../Core/Src/main.c:272:12:IMU_Init	24	static
../Core/Src/main.c:327:13:IMU_ReadAll	152	static
../Core/Src/main.c:379:5:main	8	static
../Core/Src/main.c:440:6:SystemClock_Config	88	static
../Core/Src/main.c:487:13:MX_I2C2_Init	40	static
../Core/Src/main.c:556:13:MX_GPIO_Init	16	static
../Core/Src/main.c:578:6:Error_Handler	4	static,ignoring_inline_asm
