../Core/Src/main.c:135:13:CAN_GlobalAcceptAll	16	static
../Core/Src/main.c:147:13:usb_print	16	static
../Core/Src/main.c:155:16:crc8_atm	32	static
../Core/Src/main.c:167:13:u32_to_le	16	static
../Core/Src/main.c:175:17:le_to_u32	16	static
../Core/Src/main.c:190:13:enqueue_can_over_uart	32	static
../Core/Src/main.c:237:13:drain_uart_tx	16	static
../Core/Src/main.c:257:13:process_can_packet	72	static
../Core/Src/main.c:301:13:parser_feed	56	static
../Core/Src/main.c:354:13:CAN_FilterAcceptAll	32	static
../Core/Src/main.c:378:13:CAN_StartAndEnableRxIRQ	8	static
../Core/Src/main.c:388:6:HAL_FDCAN_RxFifo0Callback	296	static
../Core/Src/main.c:436:6:HAL_UART_RxCpltCallback	16	static
../Core/Src/main.c:450:5:main	184	static
../Core/Src/main.c:522:6:SystemClock_Config	88	static
../Core/Src/main.c:569:13:MX_FDCAN3_Init	8	static
../Core/Src/main.c:612:13:MX_USART3_UART_Init	8	static
../Core/Src/main.c:660:13:MX_GPIO_Init	40	static
../Core/Src/main.c:694:6:Error_Handler	4	static,ignoring_inline_asm
