../Core/Src/main.c:132:13:CAN_GlobalAcceptAll	16	static
../Core/Src/main.c:148:16:crc8_atm	32	static
../Core/Src/main.c:160:13:u32_to_le	16	static
../Core/Src/main.c:168:17:le_to_u32	16	static
../Core/Src/main.c:183:13:enqueue_can_over_uart	40	static
../Core/Src/main.c:235:13:drain_uart_tx	16	static
../Core/Src/main.c:255:13:process_can_packet	72	static
../Core/Src/main.c:299:13:parser_feed	56	static
../Core/Src/main.c:352:13:CAN_FilterAcceptAll	32	static
../Core/Src/main.c:376:13:CAN_StartAndEnableRxIRQ	8	static
../Core/Src/main.c:386:6:HAL_FDCAN_RxFifo0Callback	88	static
../Core/Src/main.c:419:6:HAL_UART_RxCpltCallback	16	static
../Core/Src/main.c:433:5:main	24	static
../Core/Src/main.c:490:6:SystemClock_Config	88	static
../Core/Src/main.c:531:13:MX_FDCAN3_Init	8	static
../Core/Src/main.c:574:13:MX_USART3_UART_Init	8	static
../Core/Src/main.c:622:13:MX_GPIO_Init	40	static
../Core/Src/main.c:656:6:Error_Handler	4	static,ignoring_inline_asm
