../Core/Src/main.c:140:13:USB_Printf	24	static
../Core/Src/main.c:163:20:HAL_StatusStr	16	static
../Core/Src/main.c:177:13:I2C_ScanBus	16	static
../Core/Src/main.c:207:26:SHTP_Read	32	static
../Core/Src/main.c:243:26:SHTP_Write	32	static
../Core/Src/main.c:274:12:BNO085_WaitForBoot	40	static
../Core/Src/main.c:320:12:BNO085_RequestProductID	40	static
../Core/Src/main.c:389:13:BNO085_EnableReport	48	static
../Core/Src/main.c:414:13:BNO085_EnableAllReports	24	static
../Core/Src/main.c:450:20:SensorName	16	static
../Core/Src/main.c:463:20:AccuracyStr	16	static
../Core/Src/main.c:477:14:QToFloat	16	static
../Core/Src/main.c:488:16:ReportPayloadSize	16	static
../Core/Src/main.c:518:13:BNO085_ParseSensorData	272	static
../Core/Src/main.c:628:13:BNO085_ProcessPacket	32	static
../Core/Src/main.c:665:5:main	16	static
../Core/Src/main.c:794:6:SystemClock_Config	88	static
../Core/Src/main.c:841:13:MX_I2C2_Init	8	static
../Core/Src/main.c:889:13:MX_GPIO_Init	16	static
../Core/Src/main.c:911:6:Error_Handler	4	static,ignoring_inline_asm
