../Core/Src/main.c:87:13:CDC_Print	24	static
../Core/Src/main.c:100:26:SHTP_Read	32	static
../Core/Src/main.c:120:26:SHTP_Write	32	static
../Core/Src/main.c:132:13:BNO_Boot	16	static
../Core/Src/main.c:143:13:BNO_EnableGyro	40	static
../Core/Src/main.c:165:12:BuildBar	136	static
../Core/Src/main.c:197:13:DrawBars	544	static
../Core/Src/main.c:225:5:main	32	static
../Core/Src/main.c:317:6:SystemClock_Config	88	static
../Core/Src/main.c:352:13:MX_I2C2_Init	8	static
../Core/Src/main.c:377:13:MX_GPIO_Init	16	static
../Core/Src/main.c:386:6:Error_Handler	4	static,ignoring_inline_asm
