../Core/Src/main.c:83:13:CDC_Print	24	static
../Core/Src/main.c:96:20:HalStr	16	static
../Core/Src/main.c:108:13:PrintVal	48	static
../Core/Src/main.c:116:13:CAN_FilterAndStart	48	static
../Core/Src/main.c:148:6:HAL_FDCAN_RxFifo0Callback	72	static
../Core/Src/main.c:180:5:main	96	static
../Core/Src/main.c:295:6:SystemClock_Config	88	static
../Core/Src/main.c:342:13:MX_FDCAN2_Init	8	static
../Core/Src/main.c:385:13:MX_GPIO_Init	16	static
../Core/Src/main.c:408:6:Error_Handler	4	static,ignoring_inline_asm
