Archive member included to satisfy reference by file (symbol)

/Applications/STM32CubeIDE.app/Contents/Eclipse/plugins/com.st.stm32cube.ide.mcu.externaltools.gnu-tools-for-stm32.14.3.rel1.macos64_1.0.100.202602081740/tools/bin/../lib/gcc/arm-none-eabi/14.3.1/../../../../arm-none-eabi/lib/thumb/v7e-m+fp/hard/libc_nano.a(libc_a-exit.o)
                              /Applications/STM32CubeIDE.app/Contents/Eclipse/plugins/com.st.stm32cube.ide.mcu.externaltools.gnu-tools-for-stm32.14.3.rel1.macos64_1.0.100.202602081740/tools/bin/../lib/gcc/arm-none-eabi/14.3.1/../../../../arm-none-eabi/lib/thumb/v7e-m+fp/hard/crt0.o (exit)
/Applications/STM32CubeIDE.app/Contents/Eclipse/plugins/com.st.stm32cube.ide.mcu.externaltools.gnu-tools-for-stm32.14.3.rel1.macos64_1.0.100.202602081740/tools/bin/../lib/gcc/arm-none-eabi/14.3.1/../../../../arm-none-eabi/lib/thumb/v7e-m+fp/hard/libc_nano.a(libc_a-findfp.o)
                              /Applications/STM32CubeIDE.app/Contents/Eclipse/plugins/com.st.stm32cube.ide.mcu.externaltools.gnu-tools-for-stm32.14.3.rel1.macos64_1.0.100.202602081740/tools/bin/../lib/gcc/arm-none-eabi/14.3.1/../../../../arm-none-eabi/lib/thumb/v7e-m+fp/hard/libc_nano.a(libc_a-exit.o) (__stdio_exit_handler)
/Applications/STM32CubeIDE.app/Contents/Eclipse/plugins/com.st.stm32cube.ide.mcu.externaltools.gnu-tools-for-stm32.14.3.rel1.macos64_1.0.100.202602081740/tools/bin/../lib/gcc/arm-none-eabi/14.3.1/../../../../arm-none-eabi/lib/thumb/v7e-m+fp/hard/libc_nano.a(libc_a-fwalk.o)
                              /Applications/STM32CubeIDE.app/Contents/Eclipse/plugins/com.st.stm32cube.ide.mcu.externaltools.gnu-tools-for-stm32.14.3.rel1.macos64_1.0.100.202602081740/tools/bin/../lib/gcc/arm-none-eabi/14.3.1/../../../../arm-none-eabi/lib/thumb/v7e-m+fp/hard/libc_nano.a(libc_a-findfp.o) (_fwalk_sglue)
/Applications/STM32CubeIDE.app/Contents/Eclipse/plugins/com.st.stm32cube.ide.mcu.externaltools.gnu-tools-for-stm32.14.3.rel1.macos64_1.0.100.202602081740/tools/bin/../lib/gcc/arm-none-eabi/14.3.1/../../../../arm-none-eabi/lib/thumb/v7e-m+fp/hard/libc_nano.a(libc_a-memset.o)
                              /Applications/STM32CubeIDE.app/Contents/Eclipse/plugins/com.st.stm32cube.ide.mcu.externaltools.gnu-tools-for-stm32.14.3.rel1.macos64_1.0.100.202602081740/tools/bin/../lib/gcc/arm-none-eabi/14.3.1/../../../../arm-none-eabi/lib/thumb/v7e-m+fp/hard/crt0.o (memset)
/Applications/STM32CubeIDE.app/Contents/Eclipse/plugins/com.st.stm32cube.ide.mcu.externaltools.gnu-tools-for-stm32.14.3.rel1.macos64_1.0.100.202602081740/tools/bin/../lib/gcc/arm-none-eabi/14.3.1/../../../../arm-none-eabi/lib/thumb/v7e-m+fp/hard/libc_nano.a(libc_a-errno.o)
                              ./Core/Src/syscalls.o (__errno)
/Applications/STM32CubeIDE.app/Contents/Eclipse/plugins/com.st.stm32cube.ide.mcu.externaltools.gnu-tools-for-stm32.14.3.rel1.macos64_1.0.100.202602081740/tools/bin/../lib/gcc/arm-none-eabi/14.3.1/../../../../arm-none-eabi/lib/thumb/v7e-m+fp/hard/libc_nano.a(libc_a-init.o)
                              /Applications/STM32CubeIDE.app/Contents/Eclipse/plugins/com.st.stm32cube.ide.mcu.externaltools.gnu-tools-for-stm32.14.3.rel1.macos64_1.0.100.202602081740/tools/bin/../lib/gcc/arm-none-eabi/14.3.1/../../../../arm-none-eabi/lib/thumb/v7e-m+fp/hard/crt0.o (__libc_init_array)
/Applications/STM32CubeIDE.app/Contents/Eclipse/plugins/com.st.stm32cube.ide.mcu.externaltools.gnu-tools-for-stm32.14.3.rel1.macos64_1.0.100.202602081740/tools/bin/../lib/gcc/arm-none-eabi/14.3.1/../../../../arm-none-eabi/lib/thumb/v7e-m+fp/hard/libc_nano.a(libc_a-lock.o)
                              /Applications/STM32CubeIDE.app/Contents/Eclipse/plugins/com.st.stm32cube.ide.mcu.externaltools.gnu-tools-for-stm32.14.3.rel1.macos64_1.0.100.202602081740/tools/bin/../lib/gcc/arm-none-eabi/14.3.1/../../../../arm-none-eabi/lib/thumb/v7e-m+fp/hard/libc_nano.a(libc_a-findfp.o) (__retarget_lock_init_recursive)
/Applications/STM32CubeIDE.app/Contents/Eclipse/plugins/com.st.stm32cube.ide.mcu.externaltools.gnu-tools-for-stm32.14.3.rel1.macos64_1.0.100.202602081740/tools/bin/../lib/gcc/arm-none-eabi/14.3.1/../../../../arm-none-eabi/lib/thumb/v7e-m+fp/hard/libc_nano.a(libc_a-impure.o)
                              /Applications/STM32CubeIDE.app/Contents/Eclipse/plugins/com.st.stm32cube.ide.mcu.externaltools.gnu-tools-for-stm32.14.3.rel1.macos64_1.0.100.202602081740/tools/bin/../lib/gcc/arm-none-eabi/14.3.1/../../../../arm-none-eabi/lib/thumb/v7e-m+fp/hard/libc_nano.a(libc_a-errno.o) (_impure_ptr)
/Applications/STM32CubeIDE.app/Contents/Eclipse/plugins/com.st.stm32cube.ide.mcu.externaltools.gnu-tools-for-stm32.14.3.rel1.macos64_1.0.100.202602081740/tools/bin/../lib/gcc/arm-none-eabi/14.3.1/../../../../arm-none-eabi/lib/thumb/v7e-m+fp/hard/libc_nano.a(libc_a-memcpy-stub.o)
                              ./Core/Src/main.o (memcpy)
[...]
Memory Configuration

Name             Origin             Length             Attributes
RAM              0x20000000         0x00020000         xrw
FLASH            0x08000000         0x00080000         xr
*default*        0x00000000         0xffffffff

Linker script and memory map

LOAD /Applications/STM32CubeIDE.app/Contents/Eclipse/plugins/com.st.stm32cube.ide.mcu.externaltools.gnu-tools-for-stm32.14.3.rel1.macos64_1.0.100.202602081740/tools/bin/../lib/gcc/arm-none-eabi/14.3.1/thumb/v7e-m+fp/hard/crti.o
LOAD /Applications/STM32CubeIDE.app/Contents/Eclipse/plugins/com.st.stm32cube.ide.mcu.externaltools.gnu-tools-for-stm32.14.3.rel1.macos64_1.0.100.202602081740/tools/bin/../lib/gcc/arm-none-eabi/14.3.1/thumb/v7e-m+fp/hard/crtbegin.o
LOAD /Applications/STM32CubeIDE.app/Contents/Eclipse/plugins/com.st.stm32cube.ide.mcu.externaltools.gnu-tools-for-stm32.14.3.rel1.macos64_1.0.100.202602081740/tools/bin/../lib/gcc/arm-none-eabi/14.3.1/../../../../arm-none-eabi/lib/thumb/v7e-m+fp/hard/crt0.o
LOAD ./Core/Src/main.o
LOAD ./Core/Src/stm32g4xx_hal_msp.o
LOAD ./Core/Src/stm32g4xx_it.o
LOAD ./Core/Src/syscalls.o
LOAD ./Core/Src/sysmem.o
LOAD ./Core/Src/system_stm32g4xx.o
LOAD ./Core/Startup/startup_stm32g474ceux.o
LOAD ./Drivers/STM32G4xx_HAL_Driver/Src/stm32g4xx_hal.o
LOAD ./Drivers/STM32G4xx_HAL_Driver/Src/stm32g4xx_hal_cortex.o
LOAD ./Drivers/STM32G4xx_HAL_Driver/Src/stm32g4xx_hal_dma.o
LOAD ./Drivers/STM32G4xx_HAL_Driver/Src/stm32g4xx_hal_dma_ex.o
LOAD ./Drivers/STM32G4xx_HAL_Driver/Src/stm32g4xx_hal_exti.o
LOAD ./Drivers/STM32G4xx_HAL_Driver/Src/stm32g4xx_hal_fdcan.o
LOAD ./Drivers/STM32G4xx_HAL_Driver/Src/stm32g4xx_hal_flash.o
LOAD ./Drivers/STM32G4xx_HAL_Driver/Src/stm32g4xx_hal_flash_ex.o
LOAD ./Drivers/STM32G4xx_HAL_Driver/Src/stm32g4xx_hal_flash_ramfunc.o
LOAD ./Drivers/STM32G4xx_HAL_Driver/Src/stm32g4xx_hal_gpio.o
LOAD ./Drivers/STM32G4xx_HAL_Driver/Src/stm32g4xx_hal_pcd.o
LOAD ./Drivers/STM32G4xx_HAL_Driver/Src/stm32g4xx_hal_pcd_ex.o
LOAD ./Drivers/STM32G4xx_HAL_Driver/Src/stm32g4xx_hal_pwr.o
LOAD ./Drivers/STM32G4xx_HAL_Driver/Src/stm32g4xx_hal_pwr_ex.o
LOAD ./Drivers/STM32G4xx_HAL_Driver/Src/stm32g4xx_hal_rcc.o
LOAD ./Drivers/STM32G4xx_HAL_Driver/Src/stm32g4xx_hal_rcc_ex.o
LOAD ./Drivers/STM32G4xx_HAL_Driver/Src/stm32g4xx_hal_uart.o
LOAD ./Drivers/STM32G4xx_HAL_Driver/Src/stm32g4xx_hal_uart_ex.o
LOAD ./Drivers/STM32G4xx_HAL_Driver/Src/stm32g4xx_ll_usb.o
LOAD ./Middlewares/ST/STM32_USB_Device_Library/Class/CDC/Src/usbd_cdc.o
LOAD ./Middlewares/ST/STM32_USB_Device_Library/Core/Src/usbd_core.o
LOAD ./Middlewares/ST/STM32_USB_Device_Library/Core/Src/usbd_ctlreq.o
LOAD ./Middlewares/ST/STM32_USB_Device_Library/Core/Src/usbd_ioreq.o
LOAD ./USB_Device/App/usb_device.o
LOAD ./USB_Device/App/usbd_cdc_if.o
LOAD ./USB_Device/App/usbd_desc.o
LOAD ./USB_Device/Target/usbd_conf.o
START GROUP
LOAD /Applications/STM32CubeIDE.app/Contents/Eclipse/plugins/com.st.stm32cube.ide.mcu.externaltools.gnu-tools-for-stm32.14.3.rel1.macos64_1.0.100.202602081740/tools/bin/../lib/gcc/arm-none-eabi/14.3.1/../../../../arm-none-eabi/lib/thumb/v7e-m+fp/hard/libc_nano.a
LOAD /Applications/STM32CubeIDE.app/Contents/Eclipse/plugins/com.st.stm32cube.ide.mcu.externaltools.gnu-tools-for-stm32.14.3.rel1.macos64_1.0.100.202602081740/tools/bin/../lib/gcc/arm-none-eabi/14.3.1/../../../../arm-none-eabi/lib/thumb/v7e-m+fp/hard/libm.a
END GROUP
START GROUP
LOAD /Applications/STM32CubeIDE.app/Contents/Eclipse/plugins/com.st.stm32cube.ide.mcu.externaltools.gnu-tools-for-stm32.14.3.rel1.macos64_1.0.100.202602081740/tools/bin/../lib/gcc/arm-none-eabi/14.3.1/thumb/v7e-m+fp/hard/libgcc.a
LOAD /Applications/STM32CubeIDE.app/Contents/Eclipse/plugins/com.st.stm32cube.ide.mcu.externaltools.gnu-tools-for-stm32.14.3.rel1.macos64_1.0.100.202602081740/tools/bin/../lib/gcc/arm-none-eabi/14.3.1/../../../../arm-none-eabi/lib/thumb/v7e-m+fp/hard/libc_nano.a
END GROUP
START GROUP
LOAD /Applications/STM32CubeIDE.app/Contents/Eclipse/plugins/com.st.stm32cube.ide.mcu.externaltools.gnu-tools-for-stm32.14.3.rel1.macos64_1.0.100.202602081740/tools/bin/../lib/gcc/arm-none-eabi/14.3.1/thumb/v7e-m+fp/hard/libgcc.a
LOAD /Applications/STM32CubeIDE.app/Contents/Eclipse/plugins/com.st.stm32cube.ide.mcu.externaltools.gnu-tools-for-stm32.14.3.rel1.macos64_1.0.100.202602081740/tools/bin/../lib/gcc/arm-none-eabi/14.3.1/../../../../arm-none-eabi/lib/thumb/v7e-m+fp/hard/libc_nano.a
LOAD /Applications/STM32CubeIDE.app/Contents/Eclipse/plugins/com.st.stm32cube.ide.mcu.externaltools.gnu-tools-for-stm32.14.3.rel1.macos64_1.0.100.202602081740/tools/bin/../lib/gcc/arm-none-eabi/14.3.1/../../../../arm-none-eabi/lib/thumb/v7e-m+fp/hard/libnosys.a
END GROUP
START GROUP
LOAD /Applications/STM32CubeIDE.app/Contents/Eclipse/plugins/com.st.stm32cube.ide.mcu.externaltools.gnu-tools-for-stm32.14.3.rel1.macos64_1.0.100.202602081740/tools/bin/../lib/gcc/arm-none-eabi/14.3.1/thumb/v7e-m+fp/hard/libgcc.a
LOAD /Applications/STM32CubeIDE.app/Contents/Eclipse/plugins/com.st.stm32cube.ide.mcu.externaltools.gnu-tools-for-stm32.14.3.rel1.macos64_1.0.100.202602081740/tools/bin/../lib/gcc/arm-none-eabi/14.3.1/../../../../arm-none-eabi/lib/thumb/v7e-m+fp/hard/libc_nano.a
LOAD /Applications/STM32CubeIDE.app/Contents/Eclipse/plugins/com.st.stm32cube.ide.mcu.externaltools.gnu-tools-for-stm32.14.3.rel1.macos64_1.0.100.202602081740/tools/bin/../lib/gcc/arm-none-eabi/14.3.1/../../../../arm-none-eabi/lib/thumb/v7e-m+fp/hard/libnosys.a
END GROUP
LOAD /Applications/STM32CubeIDE.app/Contents/Eclipse/plugins/com.st.stm32cube.ide.mcu.externaltools.gnu-tools-for-stm32.14.3.rel1.macos64_1.0.100.202602081740/tools/bin/../lib/gcc/arm-none-eabi/14.3.1/thumb/v7e-m+fp/hard/crtend.o
LOAD /Applications/STM32CubeIDE.app/Contents/Eclipse/plugins/com.st.stm32cube.ide.mcu.externaltools.gnu-tools-for-stm32.14.3.rel1.macos64_1.0.100.202602081740/tools/bin/../lib/gcc/arm-none-eabi/14.3.1/thumb/v7e-m+fp/hard/crtn.o
                0x20020000                        _estack = (ORIGIN (RAM) + LENGTH (RAM))
                0x00000200                        _Min_Heap_Size = 0x200
                0x00000400                        _Min_Stack_Size = 0x400

.isr_vector     0x08000000      0x1d8
                0x08000000                        . = ALIGN (0x4)
 *(.isr_vector)
 .isr_vector    0x08000000      0x1d8 ./Core/Startup/startup_stm32g474ceux.o
                0x08000000                g_pfnVectors
                0x080001d8                        . = ALIGN (0x4)

.text           0x080001d8     0xab04
                0x080001d8                        . = ALIGN (0x4)
 *(.text)
 .text          0x080001d8       0x40 /Applications/STM32CubeIDE.app/Contents/Eclipse/plugins/com.st.stm32cube.ide.mcu.externaltools.gnu-tools-for-stm32.14.3.rel1.macos64_1.0.100.202602081740/tools/bin/../lib/gcc/arm-none-eabi/14.3.1/thumb/v7e-m+fp/hard/crtbegin.o
 .text          0x08000218       0x30 /Applications/STM32CubeIDE.app/Contents/Eclipse/plugins/com.st.stm32cube.ide.mcu.externaltools.gnu-tools-for-stm32.14.3.rel1.macos64_1.0.100.202602081740/tools/bin/../lib/gcc/arm-none-eabi/14.3.1/thumb/v7e-m+fp/hard/libgcc.a(_aeabi_uldivmod.o)
                0x08000218                __aeabi_uldivmod
 .text          0x08000248      0x2f8 /Applications/STM32CubeIDE.app/Contents/Eclipse/plugins/com.st.stm32cube.ide.mcu.externaltools.gnu-tools-for-stm32.14.3.rel1.macos64_1.0.100.202602081740/tools/bin/../lib/gcc/arm-none-eabi/14.3.1/thumb/v7e-m+fp/hard/libgcc.a(_udivmoddi4.o)
                0x08000248                __udivmoddi4
 .text          0x08000540        0x4 /Applications/STM32CubeIDE.app/Contents/Eclipse/plugins/com.st.stm32cube.ide.mcu.externaltools.gnu-tools-for-stm32.14.3.rel1.macos64_1.0.100.202602081740/tools/bin/../lib/gcc/arm-none-eabi/14.3.1/thumb/v7e-m+fp/hard/libgcc.a(_dvmd_tls.o)
                0x08000540                __aeabi_ldiv0
                0x08000540                __aeabi_idiv0
 *(.text*)
 .text.CAN_GlobalAcceptAll
                0x08000544       0x20 ./Core/Src/main.o
 .text.crc8_atm
                0x08000564       0x72 ./Core/Src/main.o
 .text.le_to_u32
                0x080005d6       0x38 ./Core/Src/main.o
 *fill*         0x0800060e        0x2 
 .text.enqueue_can_over_uart
                0x08000610      0x12c ./Core/Src/main.o
 .text.drain_uart_tx
                0x0800073c       0x84 ./Core/Src/main.o
 .text.process_can_packet
                0x080007c0      0x14c ./Core/Src/main.o
 .text.parser_feed
                0x0800090c      0x100 ./Core/Src/main.o
 .text.CAN_FilterAcceptAll
                0x08000a0c       0x6c ./Core/Src/main.o
 .text.CAN_StartAndEnableRxIRQ
                0x08000a78       0x20 ./Core/Src/main.o
 .text.HAL_FDCAN_RxFifo0Callback
                0x08000a98       0xd8 ./Core/Src/main.o
                0x08000a98                HAL_FDCAN_RxFifo0Callback
 .text.HAL_UART_RxCpltCallback
                0x08000b70       0x3c ./Core/Src/main.o
                0x08000b70                HAL_UART_RxCpltCallback
 .text.main     0x08000bac       0x88 ./Core/Src/main.o
                0x08000bac                main
 .text.SystemClock_Config
                0x08000c34       0x98 ./Core/Src/main.o
                0x08000c34                SystemClock_Config
 .text.MX_FDCAN2_Init
                0x08000ccc       0x8c ./Core/Src/main.o
 .text.MX_FDCAN3_Init
                0x08000d58       0x8c ./Core/Src/main.o
 .text.MX_USART3_UART_Init
                0x08000de4       0x98 ./Core/Src/main.o
 .text.MX_GPIO_Init
                0x08000e7c       0x7c ./Core/Src/main.o
 .text.Error_Handler
                0x08000ef8        0xc ./Core/Src/main.o
                0x08000ef8                Error_Handler
 .text.HAL_MspInit
                0x08000f04       0x48 ./Core/Src/stm32g4xx_hal_msp.o
                0x08000f04                HAL_MspInit
 .text.HAL_FDCAN_MspInit
                0x08000f4c      0x184 ./Core/Src/stm32g4xx_hal_msp.o
                0x08000f4c                HAL_FDCAN_MspInit
 .text.HAL_UART_MspInit
                0x080010d0       0xb4 ./Core/Src/stm32g4xx_hal_msp.o
                0x080010d0                HAL_UART_MspInit
 .text.NMI_Handler
                0x08001184        0x8 ./Core/Src/stm32g4xx_it.o
                0x08001184                NMI_Handler
 .text.HardFault_Handler
                0x0800118c        0x8 ./Core/Src/stm32g4xx_it.o
                0x0800118c                HardFault_Handler
 .text.MemManage_Handler
                0x08001194        0x8 ./Core/Src/stm32g4xx_it.o
                0x08001194                MemManage_Handler
 .text.BusFault_Handler
                0x0800119c        0x8 ./Core/Src/stm32g4xx_it.o
                0x0800119c                BusFault_Handler
 .text.UsageFault_Handler
                0x080011a4        0x8 ./Core/Src/stm32g4xx_it.o
                0x080011a4                UsageFault_Handler
 .text.SVC_Handler
                0x080011ac        0xe ./Core/Src/stm32g4xx_it.o
                0x080011ac                SVC_Handler
 .text.DebugMon_Handler
                0x080011ba        0xe ./Core/Src/stm32g4xx_it.o
                0x080011ba                DebugMon_Handler
 .text.PendSV_Handler
                0x080011c8        0xe ./Core/Src/stm32g4xx_it.o
                0x080011c8                PendSV_Handler
 .text.SysTick_Handler
                0x080011d6        0xc ./Core/Src/stm32g4xx_it.o
                0x080011d6                SysTick_Handler
 *fill*         0x080011e2        0x2 
 .text.USB_LP_IRQHandler
                0x080011e4       0x14 ./Core/Src/stm32g4xx_it.o
                0x080011e4                USB_LP_IRQHandler
 .text.FDCAN2_IT0_IRQHandler
                0x080011f8       0x14 ./Core/Src/stm32g4xx_it.o
                0x080011f8                FDCAN2_IT0_IRQHandler
 .text.FDCAN3_IT0_IRQHandler
                0x0800120c       0x14 ./Core/Src/stm32g4xx_it.o
                0x0800120c                FDCAN3_IT0_IRQHandler
 .text.SystemInit
                0x08001220       0x24 ./Core/Src/system_stm32g4xx.o
                0x08001220                SystemInit
 .text.Reset_Handler
                0x08001244       0x50 ./Core/Startup/startup_stm32g474ceux.o
                0x08001244                Reset_Handler
 .text.Default_Handler
                0x08001294        0x2 ./Core/Startup/startup_stm32g474ceux.o
                0x08001294                TIM1_BRK_TIM15_IRQHandler
                0x08001294                EXTI2_IRQHandler
                0x08001294                TIM8_TRG_COM_IRQHandler
                0x08001294                TIM8_CC_IRQHandler
                0x08001294                HRTIM1_Master_IRQHandler
                0x08001294                SPI4_IRQHandler
                0x08001294                TIM1_CC_IRQHandler
                0x08001294                HRTIM1_FLT_IRQHandler
                0x08001294                HRTIM1_TIMF_IRQHandler
                0x08001294                USB_HP_IRQHandler
                0x08001294                CORDIC_IRQHandler
                0x08001294                HRTIM1_TIMD_IRQHandler
                0x08001294                DMA2_Channel8_IRQHandler
                0x08001294                EXTI3_IRQHandler
                0x08001294                I2C3_ER_IRQHandler
                0x08001294                EXTI0_IRQHandler
                0x08001294                I2C2_EV_IRQHandler
                0x08001294                FPU_IRQHandler
                0x08001294                FDCAN1_IT1_IRQHandler
                0x08001294                TIM1_UP_TIM16_IRQHandler
                0x08001294                ADC1_2_IRQHandler
                0x08001294                HRTIM1_TIME_IRQHandler
                0x08001294                SPI1_IRQHandler
                0x08001294                TIM6_DAC_IRQHandler
                0x08001294                HRTIM1_TIMC_IRQHandler
                0x08001294                TIM8_UP_IRQHandler
                0x08001294                DMA2_Channel2_IRQHandler
                0x08001294                DMA1_Channel4_IRQHandler
                0x08001294                TIM20_TRG_COM_IRQHandler
                0x08001294                USART3_IRQHandler
                0x08001294                DMA1_Channel7_IRQHandler
                0x08001294                UART5_IRQHandler
                0x08001294                ADC3_IRQHandler
                0x08001294                TIM4_IRQHandler
                0x08001294                DMA2_Channel1_IRQHandler
                0x08001294                QUADSPI_IRQHandler
                0x08001294                I2C1_EV_IRQHandler
                0x08001294                DMA1_Channel6_IRQHandler
                0x08001294                UART4_IRQHandler
                0x08001294                DMA2_Channel4_IRQHandler
                0x08001294                TIM3_IRQHandler
                0x08001294                RCC_IRQHandler
                0x08001294                TIM20_UP_IRQHandler
                0x08001294                DMA1_Channel1_IRQHandler
                0x08001294                Default_Handler
                0x08001294                DMA2_Channel7_IRQHandler
                0x08001294                RTC_TAMP_LSECSS_IRQHandler
                0x08001294                FMAC_IRQHandler
                0x08001294                EXTI15_10_IRQHandler
                0x08001294                DMA1_Channel8_IRQHandler
                0x08001294                HRTIM1_TIMA_IRQHandler
                0x08001294                TIM7_DAC_IRQHandler
                0x08001294                FDCAN3_IT1_IRQHandler
                0x08001294                TIM5_IRQHandler
                0x08001294                UCPD1_IRQHandler
                0x08001294                I2C3_EV_IRQHandler
                0x08001294                EXTI9_5_IRQHandler
                0x08001294                RTC_WKUP_IRQHandler
                0x08001294                PVD_PVM_IRQHandler
                0x08001294                SPI2_IRQHandler
                0x08001294                ADC5_IRQHandler
                0x08001294                DMA2_Channel5_IRQHandler
                0x08001294                CRS_IRQHandler
                0x08001294                DMA1_Channel5_IRQHandler
                0x08001294                EXTI4_IRQHandler
                0x08001294                RNG_IRQHandler
                0x08001294                HRTIM1_TIMB_IRQHandler
                0x08001294                TIM1_TRG_COM_TIM17_IRQHandler
                0x08001294                FDCAN2_IT1_IRQHandler
                0x08001294                DMA1_Channel3_IRQHandler
                0x08001294                ADC4_IRQHandler
                0x08001294                WWDG_IRQHandler
                0x08001294                I2C4_EV_IRQHandler
                0x08001294                LPUART1_IRQHandler
                0x08001294                DMA2_Channel6_IRQHandler
                0x08001294                FDCAN1_IT0_IRQHandler
                0x08001294                TIM2_IRQHandler
                0x08001294                COMP7_IRQHandler
                0x08001294                COMP1_2_3_IRQHandler
                0x08001294                EXTI1_IRQHandler
                0x08001294                USART2_IRQHandler
                0x08001294                COMP4_5_6_IRQHandler
                0x08001294                TIM20_BRK_IRQHandler
                0x08001294                I2C2_ER_IRQHandler
                0x08001294                DMA1_Channel2_IRQHandler
                0x08001294                TIM8_BRK_IRQHandler
                0x08001294                FLASH_IRQHandler
                0x08001294                TIM20_CC_IRQHandler
                0x08001294                USART1_IRQHandler
                0x08001294                SPI3_IRQHandler
                0x08001294                I2C1_ER_IRQHandler
                0x08001294                FMC_IRQHandler
                0x08001294                LPTIM1_IRQHandler
                0x08001294                DMAMUX_OVR_IRQHandler
                0x08001294                I2C4_ER_IRQHandler
                0x08001294                USBWakeUp_IRQHandler
                0x08001294                SAI1_IRQHandler
                0x08001294                DMA2_Channel3_IRQHandler
                0x08001294                RTC_Alarm_IRQHandler
 .text.HAL_Init
                0x08001296       0x30 ./Drivers/STM32G4xx_HAL_Driver/Src/stm32g4xx_hal.o
                0x08001296                HAL_Init
 *fill*         0x080012c6        0x2 
 .text.HAL_InitTick
                0x080012c8       0x74 ./Drivers/STM32G4xx_HAL_Driver/Src/stm32g4xx_hal.o
                0x080012c8                HAL_InitTick
 .text.HAL_IncTick
                0x0800133c       0x24 ./Drivers/STM32G4xx_HAL_Driver/Src/stm32g4xx_hal.o
                0x0800133c                HAL_IncTick
 .text.HAL_GetTick
                0x08001360       0x18 ./Drivers/STM32G4xx_HAL_Driver/Src/stm32g4xx_hal.o
                0x08001360                HAL_GetTick
 .text.HAL_Delay
                0x08001378       0x44 ./Drivers/STM32G4xx_HAL_Driver/Src/stm32g4xx_hal.o
                0x08001378                HAL_Delay
 .text.__NVIC_SetPriorityGrouping
                0x080013bc       0x48 ./Drivers/STM32G4xx_HAL_Driver/Src/stm32g4xx_hal_cortex.o
 .text.__NVIC_GetPriorityGrouping
                0x08001404       0x1c ./Drivers/STM32G4xx_HAL_Driver/Src/stm32g4xx_hal_cortex.o
 .text.__NVIC_EnableIRQ
                0x08001420       0x3c ./Drivers/STM32G4xx_HAL_Driver/Src/stm32g4xx_hal_cortex.o
 .text.__NVIC_SetPriority
                0x0800145c       0x54 ./Drivers/STM32G4xx_HAL_Driver/Src/stm32g4xx_hal_cortex.o
 .text.NVIC_EncodePriority
                0x080014b0       0x66 ./Drivers/STM32G4xx_HAL_Driver/Src/stm32g4xx_hal_cortex.o
 *fill*         0x08001516        0x2 
 .text.SysTick_Config
                0x08001518       0x44 ./Drivers/STM32G4xx_HAL_Driver/Src/stm32g4xx_hal_cortex.o
 .text.HAL_NVIC_SetPriorityGrouping
                0x0800155c       0x16 ./Drivers/STM32G4xx_HAL_Driver/Src/stm32g4xx_hal_cortex.o
                0x0800155c                HAL_NVIC_SetPriorityGrouping
 .text.HAL_NVIC_SetPriority
                0x08001572       0x34 ./Drivers/STM32G4xx_HAL_Driver/Src/stm32g4xx_hal_cortex.o
                0x08001572                HAL_NVIC_SetPriority
 .text.HAL_NVIC_EnableIRQ
                0x080015a6       0x1c ./Drivers/STM32G4xx_HAL_Driver/Src/stm32g4xx_hal_cortex.o
                0x080015a6                HAL_NVIC_EnableIRQ
 .text.HAL_SYSTICK_Config
                0x080015c2       0x18 ./Drivers/STM32G4xx_HAL_Driver/Src/stm32g4xx_hal_cortex.o
                0x080015c2                HAL_SYSTICK_Config
 *fill*         0x080015da        0x2 
 .text.HAL_FDCAN_Init
                0x080015dc      0x2b4 ./Drivers/STM32G4xx_HAL_Driver/Src/stm32g4xx_hal_fdcan.o
                0x080015dc                HAL_FDCAN_Init
 .text.HAL_FDCAN_ConfigFilter
                0x08001890       0xb4 ./Drivers/STM32G4xx_HAL_Driver/Src/stm32g4xx_hal_fdcan.o
                0x08001890                HAL_FDCAN_ConfigFilter
 .text.HAL_FDCAN_ConfigGlobalFilter
                0x08001944       0x62 ./Drivers/STM32G4xx_HAL_Driver/Src/stm32g4xx_hal_fdcan.o
                0x08001944                HAL_FDCAN_ConfigGlobalFilter
 .text.HAL_FDCAN_Start
                0x080019a6       0x50 ./Drivers/STM32G4xx_HAL_Driver/Src/stm32g4xx_hal_fdcan.o
                0x080019a6                HAL_FDCAN_Start
 .text.HAL_FDCAN_AddMessageToTxFifoQ
                0x080019f6       0x88 ./Drivers/STM32G4xx_HAL_Driver/Src/stm32g4xx_hal_fdcan.o
                0x080019f6                HAL_FDCAN_AddMessageToTxFifoQ
 *fill*         0x08001a7e        0x2 
 .text.HAL_FDCAN_GetRxMessage
                0x08001a80      0x210 ./Drivers/STM32G4xx_HAL_Driver/Src/stm32g4xx_hal_fdcan.o
                0x08001a80                HAL_FDCAN_GetRxMessage
 .text.HAL_FDCAN_ActivateNotification
                0x08001c90      0x1cc ./Drivers/STM32G4xx_HAL_Driver/Src/stm32g4xx_hal_fdcan.o
                0x08001c90                HAL_FDCAN_ActivateNotification
 .text.HAL_FDCAN_IRQHandler
                0x08001e5c      0x266 ./Drivers/STM32G4xx_HAL_Driver/Src/stm32g4xx_hal_fdcan.o
                0x08001e5c                HAL_FDCAN_IRQHandler
 .text.HAL_FDCAN_TxEventFifoCallback
                0x080020c2       0x16 ./Drivers/STM32G4xx_HAL_Driver/Src/stm32g4xx_hal_fdcan.o
                0x080020c2                HAL_FDCAN_TxEventFifoCallback
 .text.HAL_FDCAN_RxFifo1Callback
                0x080020d8       0x16 ./Drivers/STM32G4xx_HAL_Driver/Src/stm32g4xx_hal_fdcan.o
                0x080020d8                HAL_FDCAN_RxFifo1Callback
 .text.HAL_FDCAN_TxFifoEmptyCallback
                0x080020ee       0x14 ./Drivers/STM32G4xx_HAL_Driver/Src/stm32g4xx_hal_fdcan.o
                0x080020ee                HAL_FDCAN_TxFifoEmptyCallback
 .text.HAL_FDCAN_TxBufferCompleteCallback
                0x08002102       0x16 ./Drivers/STM32G4xx_HAL_Driver/Src/stm32g4xx_hal_fdcan.o
                0x08002102                HAL_FDCAN_TxBufferCompleteCallback
 .text.HAL_FDCAN_TxBufferAbortCallback
                0x08002118       0x16 ./Drivers/STM32G4xx_HAL_Driver/Src/stm32g4xx_hal_fdcan.o
                0x08002118                HAL_FDCAN_TxBufferAbortCallback
 .text.HAL_FDCAN_TimestampWraparoundCallback
                0x0800212e       0x14 ./Drivers/STM32G4xx_HAL_Driver/Src/stm32g4xx_hal_fdcan.o
                0x0800212e                HAL_FDCAN_TimestampWraparoundCallback
 .text.HAL_FDCAN_TimeoutOccurredCallback
                0x08002142       0x14 ./Drivers/STM32G4xx_HAL_Driver/Src/stm32g4xx_hal_fdcan.o
                0x08002142                HAL_FDCAN_TimeoutOccurredCallback
 .text.HAL_FDCAN_HighPriorityMessageCallback
                0x08002156       0x14 ./Drivers/STM32G4xx_HAL_Driver/Src/stm32g4xx_hal_fdcan.o
                0x08002156                HAL_FDCAN_HighPriorityMessageCallback
 .text.HAL_FDCAN_ErrorCallback
                0x0800216a       0x14 ./Drivers/STM32G4xx_HAL_Driver/Src/stm32g4xx_hal_fdcan.o
                0x0800216a                HAL_FDCAN_ErrorCallback
 .text.HAL_FDCAN_ErrorStatusCallback
                0x0800217e       0x16 ./Drivers/STM32G4xx_HAL_Driver/Src/stm32g4xx_hal_fdcan.o
                0x0800217e                HAL_FDCAN_ErrorStatusCallback
 .text.FDCAN_CalcultateRamBlockAddresses
                0x08002194       0xd8 ./Drivers/STM32G4xx_HAL_Driver/Src/stm32g4xx_hal_fdcan.o
 .text.FDCAN_CopyMessageToRAM
                0x0800226c       0xf8 ./Drivers/STM32G4xx_HAL_Driver/Src/stm32g4xx_hal_fdcan.o
 .text.HAL_GPIO_Init
                0x08002364      0x318 ./Drivers/STM32G4xx_HAL_Driver/Src/stm32g4xx_hal_gpio.o
                0x08002364                HAL_GPIO_Init
 .text.HAL_GPIO_WritePin
                0x0800267c       0x30 ./Drivers/STM32G4xx_HAL_Driver/Src/stm32g4xx_hal_gpio.o
                0x0800267c                HAL_GPIO_WritePin
 .text.HAL_GPIO_TogglePin
                0x080026ac       0x34 ./Drivers/STM32G4xx_HAL_Driver/Src/stm32g4xx_hal_gpio.o
                0x080026ac                HAL_GPIO_TogglePin
 .text.HAL_PCD_Init
                0x080026e0      0x19c ./Drivers/STM32G4xx_HAL_Driver/Src/stm32g4xx_hal_pcd.o
                0x080026e0                HAL_PCD_Init
 .text.HAL_PCD_Start
                0x0800287c       0x44 ./Drivers/STM32G4xx_HAL_Driver/Src/stm32g4xx_hal_pcd.o
                0x0800287c                HAL_PCD_Start
 .text.HAL_PCD_IRQHandler
                0x080028c0      0x24e ./Drivers/STM32G4xx_HAL_Driver/Src/stm32g4xx_hal_pcd.o
                0x080028c0                HAL_PCD_IRQHandler
 .text.HAL_PCD_SetAddress
                0x08002b0e       0x48 ./Drivers/STM32G4xx_HAL_Driver/Src/stm32g4xx_hal_pcd.o
                0x08002b0e                HAL_PCD_SetAddress
 .text.HAL_PCD_EP_Open
                0x08002b56       0xbe ./Drivers/STM32G4xx_HAL_Driver/Src/stm32g4xx_hal_pcd.o
                0x08002b56                HAL_PCD_EP_Open
 .text.HAL_PCD_EP_Close
                0x08002c14       0x90 ./Drivers/STM32G4xx_HAL_Driver/Src/stm32g4xx_hal_pcd.o
                0x08002c14                HAL_PCD_EP_Close
 .text.HAL_PCD_EP_Receive
                0x08002ca4       0x62 ./Drivers/STM32G4xx_HAL_Driver/Src/stm32g4xx_hal_pcd.o
                0x08002ca4                HAL_PCD_EP_Receive
 .text.HAL_PCD_EP_GetRxCount
                0x08002d06       0x30 ./Drivers/STM32G4xx_HAL_Driver/Src/stm32g4xx_hal_pcd.o
                0x08002d06                HAL_PCD_EP_GetRxCount
 .text.HAL_PCD_EP_Transmit
                0x08002d36       0x6e ./Drivers/STM32G4xx_HAL_Driver/Src/stm32g4xx_hal_pcd.o
                0x08002d36                HAL_PCD_EP_Transmit
 .text.HAL_PCD_EP_SetStall
                0x08002da4       0xa4 ./Drivers/STM32G4xx_HAL_Driver/Src/stm32g4xx_hal_pcd.o
                0x08002da4                HAL_PCD_EP_SetStall
 .text.HAL_PCD_EP_ClrStall
                0x08002e48       0xa8 ./Drivers/STM32G4xx_HAL_Driver/Src/stm32g4xx_hal_pcd.o
                0x08002e48                HAL_PCD_EP_ClrStall
 .text.PCD_EP_ISR_Handler
                0x08002ef0      0x71c ./Drivers/STM32G4xx_HAL_Driver/Src/stm32g4xx_hal_pcd.o
 .text.HAL_PCD_EP_DB_Receive
                0x0800360c      0x212 ./Drivers/STM32G4xx_HAL_Driver/Src/stm32g4xx_hal_pcd.o
 .text.HAL_PCD_EP_DB_Transmit
                0x0800381e      0x878 ./Drivers/STM32G4xx_HAL_Driver/Src/stm32g4xx_hal_pcd.o
 .text.HAL_PCDEx_PMAConfig
                0x08004096       0x86 ./Drivers/STM32G4xx_HAL_Driver/Src/stm32g4xx_hal_pcd_ex.o
                0x08004096                HAL_PCDEx_PMAConfig
 .text.HAL_PCDEx_ActivateLPM
                0x0800411c       0x54 ./Drivers/STM32G4xx_HAL_Driver/Src/stm32g4xx_hal_pcd_ex.o
                0x0800411c                HAL_PCDEx_ActivateLPM
 .text.HAL_PWREx_ControlVoltageScaling
                0x08004170      0x148 ./Drivers/STM32G4xx_HAL_Driver/Src/stm32g4xx_hal_pwr_ex.o
                0x08004170                HAL_PWREx_ControlVoltageScaling
 .text.HAL_PWREx_DisableUCPDDeadBattery
                0x080042b8       0x20 ./Drivers/STM32G4xx_HAL_Driver/Src/stm32g4xx_hal_pwr_ex.o
                0x080042b8                HAL_PWREx_DisableUCPDDeadBattery
 .text.HAL_RCC_OscConfig
                0x080042d8      0x624 ./Drivers/STM32G4xx_HAL_Driver/Src/stm32g4xx_hal_rcc.o
                0x080042d8                HAL_RCC_OscConfig
 .text.HAL_RCC_ClockConfig
                0x080048fc      0x278 ./Drivers/STM32G4xx_HAL_Driver/Src/stm32g4xx_hal_rcc.o
                0x080048fc                HAL_RCC_ClockConfig
 .text.HAL_RCC_GetSysClockFreq
                0x08004b74       0xc4 ./Drivers/STM32G4xx_HAL_Driver/Src/stm32g4xx_hal_rcc.o
                0x08004b74                HAL_RCC_GetSysClockFreq
 .text.HAL_RCC_GetHCLKFreq
                0x08004c38       0x18 ./Drivers/STM32G4xx_HAL_Driver/Src/stm32g4xx_hal_rcc.o
                0x08004c38                HAL_RCC_GetHCLKFreq
 .text.HAL_RCC_GetPCLK1Freq
                0x08004c50       0x2c ./Drivers/STM32G4xx_HAL_Driver/Src/stm32g4xx_hal_rcc.o
                0x08004c50                HAL_RCC_GetPCLK1Freq
 .text.HAL_RCC_GetPCLK2Freq
                0x08004c7c       0x2c ./Drivers/STM32G4xx_HAL_Driver/Src/stm32g4xx_hal_rcc.o
                0x08004c7c                HAL_RCC_GetPCLK2Freq
 .text.RCC_GetSysClockFreqFromPLLSource
                0x08004ca8       0x8c ./Drivers/STM32G4xx_HAL_Driver/Src/stm32g4xx_hal_rcc.o
 .text.HAL_RCCEx_PeriphCLKConfig
                0x08004d34      0x49c ./Drivers/STM32G4xx_HAL_Driver/Src/stm32g4xx_hal_rcc_ex.o
                0x08004d34                HAL_RCCEx_PeriphCLKConfig
 .text.HAL_UART_Init
                0x080051d0       0xa0 ./Drivers/STM32G4xx_HAL_Driver/Src/stm32g4xx_hal_uart.o
                0x080051d0                HAL_UART_Init
 .text.HAL_UART_Transmit
                0x08005270      0x132 ./Drivers/STM32G4xx_HAL_Driver/Src/stm32g4xx_hal_uart.o
                0x08005270                HAL_UART_Transmit
 *fill*         0x080053a2        0x2 
 .text.HAL_UART_Receive_IT
                0x080053a4       0x98 ./Drivers/STM32G4xx_HAL_Driver/Src/stm32g4xx_hal_uart.o
                0x080053a4                HAL_UART_Receive_IT
 .text.HAL_UART_ErrorCallback
                0x0800543c       0x14 ./Drivers/STM32G4xx_HAL_Driver/Src/stm32g4xx_hal_uart.o
                0x0800543c                HAL_UART_ErrorCallback
 .text.HAL_UARTEx_RxEventCallback
                0x08005450       0x18 ./Drivers/STM32G4xx_HAL_Driver/Src/stm32g4xx_hal_uart.o
                0x08005450                HAL_UARTEx_RxEventCallback
 .text.UART_SetConfig
                0x08005468      0x5f8 ./Drivers/STM32G4xx_HAL_Driver/Src/stm32g4xx_hal_uart.o
                0x08005468                UART_SetConfig
 .text.UART_AdvFeatureConfig
                0x08005a60      0x144 ./Drivers/STM32G4xx_HAL_Driver/Src/stm32g4xx_hal_uart.o
                0x08005a60                UART_AdvFeatureConfig
 .text.UART_CheckIdleState
                0x08005ba4      0x154 ./Drivers/STM32G4xx_HAL_Driver/Src/stm32g4xx_hal_uart.o
                0x08005ba4                UART_CheckIdleState
 .text.UART_WaitOnFlagUntilTimeout
                0x08005cf8       0xda ./Drivers/STM32G4xx_HAL_Driver/Src/stm32g4xx_hal_uart.o
                0x08005cf8                UART_WaitOnFlagUntilTimeout
 *fill*         0x08005dd2        0x2 
 .text.UART_Start_Receive_IT
                0x08005dd4      0x244 ./Drivers/STM32G4xx_HAL_Driver/Src/stm32g4xx_hal_uart.o
                0x08005dd4                UART_Start_Receive_IT
 .text.UART_EndRxTransfer
                0x08006018       0xcc ./Drivers/STM32G4xx_HAL_Driver/Src/stm32g4xx_hal_uart.o
 .text.UART_RxISR_8BIT
                0x080060e4      0x1b8 ./Drivers/STM32G4xx_HAL_Driver/Src/stm32g4xx_hal_uart.o
 .text.UART_RxISR_16BIT
                0x0800629c      0x1b8 ./Drivers/STM32G4xx_HAL_Driver/Src/stm32g4xx_hal_uart.o
 .text.UART_RxISR_8BIT_FIFOEN
                0x08006454      0x364 ./Drivers/STM32G4xx_HAL_Driver/Src/stm32g4xx_hal_uart.o
 .text.UART_RxISR_16BIT_FIFOEN
                0x080067b8      0x36c ./Drivers/STM32G4xx_HAL_Driver/Src/stm32g4xx_hal_uart.o
 .text.HAL_UARTEx_DisableFifoMode
                0x08006b24       0x72 ./Drivers/STM32G4xx_HAL_Driver/Src/stm32g4xx_hal_uart_ex.o
                0x08006b24                HAL_UARTEx_DisableFifoMode
 .text.HAL_UARTEx_SetTxFifoThreshold
                0x08006b96       0x7c ./Drivers/STM32G4xx_HAL_Driver/Src/stm32g4xx_hal_uart_ex.o
                0x08006b96                HAL_UARTEx_SetTxFifoThreshold
 .text.HAL_UARTEx_SetRxFifoThreshold
                0x08006c12       0x7c ./Drivers/STM32G4xx_HAL_Driver/Src/stm32g4xx_hal_uart_ex.o
                0x08006c12                HAL_UARTEx_SetRxFifoThreshold
 *fill*         0x08006c8e        0x2 
 .text.UARTEx_SetNbDataToProcess
                0x08006c90       0x9c ./Drivers/STM32G4xx_HAL_Driver/Src/stm32g4xx_hal_uart_ex.o
 .text.USB_EnableGlobalInt
                0x08006d2c       0x2e ./Drivers/STM32G4xx_HAL_Driver/Src/stm32g4xx_ll_usb.o
                0x08006d2c                USB_EnableGlobalInt
 .text.USB_DisableGlobalInt
                0x08006d5a       0x36 ./Drivers/STM32G4xx_HAL_Driver/Src/stm32g4xx_ll_usb.o
                0x08006d5a                USB_DisableGlobalInt
 .text.USB_DevInit
                0x08006d90       0x3c ./Drivers/STM32G4xx_HAL_Driver/Src/stm32g4xx_ll_usb.o
                0x08006d90                USB_DevInit
 .text.USB_ActivateEndpoint
                0x08006dcc      0x9d0 ./Drivers/STM32G4xx_HAL_Driver/Src/stm32g4xx_ll_usb.o
                0x08006dcc                USB_ActivateEndpoint
 .text.USB_DeactivateEndpoint
                0x0800779c      0x3da ./Drivers/STM32G4xx_HAL_Driver/Src/stm32g4xx_ll_usb.o
                0x0800779c                USB_DeactivateEndpoint
 .text.USB_EPStartXfer
                0x08007b76      0xb5e ./Drivers/STM32G4xx_HAL_Driver/Src/stm32g4xx_ll_usb.o
                0x08007b76                USB_EPStartXfer
 .text.USB_EPSetStall
                0x080086d4       0xa2 ./Drivers/STM32G4xx_HAL_Driver/Src/stm32g4xx_ll_usb.o
                0x080086d4                USB_EPSetStall
 .text.USB_EPClearStall
                0x08008776      0x152 ./Drivers/STM32G4xx_HAL_Driver/Src/stm32g4xx_ll_usb.o
                0x08008776                USB_EPClearStall
 .text.USB_SetDevAddress
                0x080088c8       0x28 ./Drivers/STM32G4xx_HAL_Driver/Src/stm32g4xx_ll_usb.o
                0x080088c8                USB_SetDevAddress
 .text.USB_DevConnect
                0x080088f0       0x2e ./Drivers/STM32G4xx_HAL_Driver/Src/stm32g4xx_ll_usb.o
                0x080088f0                USB_DevConnect
 .text.USB_ReadInterrupts
                0x0800891e       0x20 ./Drivers/STM32G4xx_HAL_Driver/Src/stm32g4xx_ll_usb.o
                0x0800891e                USB_ReadInterrupts
 .text.USB_WritePMA
                0x0800893e       0x86 ./Drivers/STM32G4xx_HAL_Driver/Src/stm32g4xx_ll_usb.o
                0x0800893e                USB_WritePMA
 .text.USB_ReadPMA
                0x080089c4       0x98 ./Drivers/STM32G4xx_HAL_Driver/Src/stm32g4xx_ll_usb.o
                0x080089c4                USB_ReadPMA
 .text.USBD_CDC_Init
                0x08008a5c       0xfe ./Middlewares/ST/STM32_USB_Device_Library/Class/CDC/Src/usbd_cdc.o
 .text.USBD_CDC_DeInit
                0x08008b5a       0x74 ./Middlewares/ST/STM32_USB_Device_Library/Class/CDC/Src/usbd_cdc.o
 *fill*         0x08008bce        0x2 
 .text.USBD_CDC_Setup
                0x08008bd0      0x190 ./Middlewares/ST/STM32_USB_Device_Library/Class/CDC/Src/usbd_cdc.o
 .text.USBD_CDC_DataIn
                0x08008d60       0xca ./Middlewares/ST/STM32_USB_Device_Library/Class/CDC/Src/usbd_cdc.o
 .text.USBD_CDC_DataOut
                0x08008e2a       0x56 ./Middlewares/ST/STM32_USB_Device_Library/Class/CDC/Src/usbd_cdc.o
 .text.USBD_CDC_EP0_RxReady
                0x08008e80       0x58 ./Middlewares/ST/STM32_USB_Device_Library/Class/CDC/Src/usbd_cdc.o
 .text.USBD_CDC_GetFSCfgDesc
                0x08008ed8       0x20 ./Middlewares/ST/STM32_USB_Device_Library/Class/CDC/Src/usbd_cdc.o
 .text.USBD_CDC_GetHSCfgDesc
                0x08008ef8       0x20 ./Middlewares/ST/STM32_USB_Device_Library/Class/CDC/Src/usbd_cdc.o
 .text.USBD_CDC_GetOtherSpeedCfgDesc
                0x08008f18       0x20 ./Middlewares/ST/STM32_USB_Device_Library/Class/CDC/Src/usbd_cdc.o
 .text.USBD_CDC_GetDeviceQualifierDescriptor
                0x08008f38       0x20 ./Middlewares/ST/STM32_USB_Device_Library/Class/CDC/Src/usbd_cdc.o
                0x08008f38                USBD_CDC_GetDeviceQualifierDescriptor
 .text.USBD_CDC_RegisterInterface
                0x08008f58       0x2a ./Middlewares/ST/STM32_USB_Device_Library/Class/CDC/Src/usbd_cdc.o
                0x08008f58                USBD_CDC_RegisterInterface
 .text.USBD_CDC_SetTxBuffer
                0x08008f82       0x3c ./Middlewares/ST/STM32_USB_Device_Library/Class/CDC/Src/usbd_cdc.o
                0x08008f82                USBD_CDC_SetTxBuffer
 .text.USBD_CDC_SetRxBuffer
                0x08008fbe       0x32 ./Middlewares/ST/STM32_USB_Device_Library/Class/CDC/Src/usbd_cdc.o
                0x08008fbe                USBD_CDC_SetRxBuffer
 .text.USBD_CDC_ReceivePacket
                0x08008ff0       0x54 ./Middlewares/ST/STM32_USB_Device_Library/Class/CDC/Src/usbd_cdc.o
                0x08008ff0                USBD_CDC_ReceivePacket
 .text.USBD_Init
                0x08009044       0x60 ./Middlewares/ST/STM32_USB_Device_Library/Core/Src/usbd_core.o
                0x08009044                USBD_Init
 .text.USBD_RegisterClass
                0x080090a4       0x4e ./Middlewares/ST/STM32_USB_Device_Library/Core/Src/usbd_core.o
                0x080090a4                USBD_RegisterClass
 .text.USBD_Start
                0x080090f2       0x18 ./Middlewares/ST/STM32_USB_Device_Library/Core/Src/usbd_core.o
                0x080090f2                USBD_Start
 .text.USBD_RunTestMode
                0x0800910a       0x16 ./Middlewares/ST/STM32_USB_Device_Library/Core/Src/usbd_core.o
                0x0800910a                USBD_RunTestMode
 .text.USBD_SetClassConfig
                0x08009120       0x38 ./Middlewares/ST/STM32_USB_Device_Library/Core/Src/usbd_core.o
                0x08009120                USBD_SetClassConfig
 .text.USBD_ClrClassConfig
                0x08009158       0x30 ./Middlewares/ST/STM32_USB_Device_Library/Core/Src/usbd_core.o
                0x08009158                USBD_ClrClassConfig
 .text.USBD_LL_SetupStage
                0x08009188       0xaa ./Middlewares/ST/STM32_USB_Device_Library/Core/Src/usbd_core.o
                0x08009188                USBD_LL_SetupStage
 .text.USBD_LL_DataOutStage
                0x08009232       0xc6 ./Middlewares/ST/STM32_USB_Device_Library/Core/Src/usbd_core.o
                0x08009232                USBD_LL_DataOutStage
 .text.USBD_LL_DataInStage
                0x080092f8      0x12c ./Middlewares/ST/STM32_USB_Device_Library/Core/Src/usbd_core.o
                0x080092f8                USBD_LL_DataInStage
 .text.USBD_LL_Reset
                0x08009424       0x9c ./Middlewares/ST/STM32_USB_Device_Library/Core/Src/usbd_core.o
                0x08009424                USBD_LL_Reset
 .text.USBD_LL_SetSpeed
                0x080094c0       0x20 ./Middlewares/ST/STM32_USB_Device_Library/Core/Src/usbd_core.o
                0x080094c0                USBD_LL_SetSpeed
 .text.USBD_LL_Suspend
                0x080094e0       0x2c ./Middlewares/ST/STM32_USB_Device_Library/Core/Src/usbd_core.o
                0x080094e0                USBD_LL_Suspend
 .text.USBD_LL_Resume
                0x0800950c       0x30 ./Middlewares/ST/STM32_USB_Device_Library/Core/Src/usbd_core.o
                0x0800950c                USBD_LL_Resume
 .text.USBD_LL_SOF
                0x0800953c       0x44 ./Middlewares/ST/STM32_USB_Device_Library/Core/Src/usbd_core.o
                0x0800953c                USBD_LL_SOF
 .text.SWAPBYTE
                0x08009580       0x3e ./Middlewares/ST/STM32_USB_Device_Library/Core/Src/usbd_ctlreq.o
 *fill*         0x080095be        0x2 
 .text.USBD_StdDevReq
                0x080095c0       0xdc ./Middlewares/ST/STM32_USB_Device_Library/Core/Src/usbd_ctlreq.o
                0x080095c0                USBD_StdDevReq
 .text.USBD_StdItfReq
                0x0800969c       0x92 ./Middlewares/ST/STM32_USB_Device_Library/Core/Src/usbd_ctlreq.o
                0x0800969c                USBD_StdItfReq
 .text.USBD_StdEPReq
                0x0800972e      0x2c4 ./Middlewares/ST/STM32_USB_Device_Library/Core/Src/usbd_ctlreq.o
                0x0800972e                USBD_StdEPReq
 *fill*         0x080099f2        0x2 
 .text.USBD_GetDescriptor
                0x080099f4      0x328 ./Middlewares/ST/STM32_USB_Device_Library/Core/Src/usbd_ctlreq.o
 .text.USBD_SetAddress
                0x08009d1c       0x88 ./Middlewares/ST/STM32_USB_Device_Library/Core/Src/usbd_ctlreq.o
 .text.USBD_SetConfig
                0x08009da4      0x14c ./Middlewares/ST/STM32_USB_Device_Library/Core/Src/usbd_ctlreq.o
 .text.USBD_GetConfig
                0x08009ef0       0x6c ./Middlewares/ST/STM32_USB_Device_Library/Core/Src/usbd_ctlreq.o
 .text.USBD_GetStatus
                0x08009f5c       0x68 ./Middlewares/ST/STM32_USB_Device_Library/Core/Src/usbd_ctlreq.o
 .text.USBD_SetFeature
                0x08009fc4       0x28 ./Middlewares/ST/STM32_USB_Device_Library/Core/Src/usbd_ctlreq.o
 .text.USBD_ClrFeature
                0x08009fec       0x44 ./Middlewares/ST/STM32_USB_Device_Library/Core/Src/usbd_ctlreq.o
 .text.USBD_ParseSetupRequest
                0x0800a030       0x74 ./Middlewares/ST/STM32_USB_Device_Library/Core/Src/usbd_ctlreq.o
                0x0800a030                USBD_ParseSetupRequest
 .text.USBD_CtlError
                0x0800a0a4       0x22 ./Middlewares/ST/STM32_USB_Device_Library/Core/Src/usbd_ctlreq.o
                0x0800a0a4                USBD_CtlError
 .text.USBD_GetString
                0x0800a0c6       0x8c ./Middlewares/ST/STM32_USB_Device_Library/Core/Src/usbd_ctlreq.o
                0x0800a0c6                USBD_GetString
 .text.USBD_GetLen
                0x0800a152       0x34 ./Middlewares/ST/STM32_USB_Device_Library/Core/Src/usbd_ctlreq.o
 .text.USBD_CtlSendData
                0x0800a186       0x36 ./Middlewares/ST/STM32_USB_Device_Library/Core/Src/usbd_ioreq.o
                0x0800a186                USBD_CtlSendData
 .text.USBD_CtlContinueSendData
                0x0800a1bc       0x22 ./Middlewares/ST/STM32_USB_Device_Library/Core/Src/usbd_ioreq.o
                0x0800a1bc                USBD_CtlContinueSendData
 .text.USBD_CtlPrepareRx
                0x0800a1de       0x3a ./Middlewares/ST/STM32_USB_Device_Library/Core/Src/usbd_ioreq.o
                0x0800a1de                USBD_CtlPrepareRx
 .text.USBD_CtlContinueRx
                0x0800a218       0x22 ./Middlewares/ST/STM32_USB_Device_Library/Core/Src/usbd_ioreq.o
                0x0800a218                USBD_CtlContinueRx
 .text.USBD_CtlSendStatus
                0x0800a23a       0x26 ./Middlewares/ST/STM32_USB_Device_Library/Core/Src/usbd_ioreq.o
                0x0800a23a                USBD_CtlSendStatus
 .text.USBD_CtlReceiveStatus
                0x0800a260       0x26 ./Middlewares/ST/STM32_USB_Device_Library/Core/Src/usbd_ioreq.o
                0x0800a260                USBD_CtlReceiveStatus
 *fill*         0x0800a286        0x2 
 .text.MX_USB_Device_Init
                0x0800a288       0x60 ./USB_Device/App/usb_device.o
                0x0800a288                MX_USB_Device_Init
 .text.CDC_Init_FS
                0x0800a2e8       0x28 ./USB_Device/App/usbd_cdc_if.o
 .text.CDC_DeInit_FS
                0x0800a310       0x10 ./USB_Device/App/usbd_cdc_if.o
 .text.CDC_Control_FS
                0x0800a320       0xbc ./USB_Device/App/usbd_cdc_if.o
 .text.CDC_Receive_FS
                0x0800a3dc       0x28 ./USB_Device/App/usbd_cdc_if.o
 .text.CDC_TransmitCplt_FS
                0x0800a404       0x22 ./USB_Device/App/usbd_cdc_if.o
 *fill*         0x0800a426        0x2 
 .text.USBD_CDC_DeviceDescriptor
                0x0800a428       0x24 ./USB_Device/App/usbd_desc.o
                0x0800a428                USBD_CDC_DeviceDescriptor
 .text.USBD_CDC_LangIDStrDescriptor
                0x0800a44c       0x24 ./USB_Device/App/usbd_desc.o
                0x0800a44c                USBD_CDC_LangIDStrDescriptor
 .text.USBD_CDC_ProductStrDescriptor
                0x0800a470       0x3c ./USB_Device/App/usbd_desc.o
                0x0800a470                USBD_CDC_ProductStrDescriptor
 .text.USBD_CDC_ManufacturerStrDescriptor
                0x0800a4ac       0x28 ./USB_Device/App/usbd_desc.o
                0x0800a4ac                USBD_CDC_ManufacturerStrDescriptor
 .text.USBD_CDC_SerialStrDescriptor
                0x0800a4d4       0x24 ./USB_Device/App/usbd_desc.o
                0x0800a4d4                USBD_CDC_SerialStrDescriptor
 .text.USBD_CDC_ConfigStrDescriptor
                0x0800a4f8       0x3c ./USB_Device/App/usbd_desc.o
                0x0800a4f8                USBD_CDC_ConfigStrDescriptor
 .text.USBD_CDC_InterfaceStrDescriptor
                0x0800a534       0x3c ./USB_Device/App/usbd_desc.o
                0x0800a534                USBD_CDC_InterfaceStrDescriptor
 .text.Get_SerialNum
                0x0800a570       0x58 ./USB_Device/App/usbd_desc.o
 .text.IntToUnicode
                0x0800a5c8       0x7e ./USB_Device/App/usbd_desc.o
 *fill*         0x0800a646        0x2 
 .text.HAL_PCD_MspInit
                0x0800a648       0x78 ./USB_Device/Target/usbd_conf.o
                0x0800a648                HAL_PCD_MspInit
 .text.HAL_PCD_SetupStageCallback
                0x0800a6c0       0x24 ./USB_Device/Target/usbd_conf.o
                0x0800a6c0                HAL_PCD_SetupStageCallback
 .text.HAL_PCD_DataOutStageCallback
                0x0800a6e4       0x36 ./USB_Device/Target/usbd_conf.o
                0x0800a6e4                HAL_PCD_DataOutStageCallback
 .text.HAL_PCD_DataInStageCallback
                0x0800a71a       0x34 ./USB_Device/Target/usbd_conf.o
                0x0800a71a                HAL_PCD_DataInStageCallback
 .text.HAL_PCD_SOFCallback
                0x0800a74e       0x1c ./USB_Device/Target/usbd_conf.o
                0x0800a74e                HAL_PCD_SOFCallback
 .text.HAL_PCD_ResetCallback
                0x0800a76a       0x3c ./USB_Device/Target/usbd_conf.o
                0x0800a76a                HAL_PCD_ResetCallback
 *fill*         0x0800a7a6        0x2 
 .text.HAL_PCD_SuspendCallback
                0x0800a7a8       0x34 ./USB_Device/Target/usbd_conf.o
                0x0800a7a8                HAL_PCD_SuspendCallback
 .text.HAL_PCD_ResumeCallback
                0x0800a7dc       0x38 ./USB_Device/Target/usbd_conf.o
                0x0800a7dc                HAL_PCD_ResumeCallback
 .text.USBD_LL_Init
                0x0800a814       0xc0 ./USB_Device/Target/usbd_conf.o
                0x0800a814                USBD_LL_Init
 .text.USBD_LL_Start
                0x0800a8d4       0x36 ./USB_Device/Target/usbd_conf.o
                0x0800a8d4                USBD_LL_Start
 .text.USBD_LL_OpenEP
                0x0800a90a       0x4c ./USB_Device/Target/usbd_conf.o
                0x0800a90a                USBD_LL_OpenEP
 .text.USBD_LL_CloseEP
                0x0800a956       0x3e ./USB_Device/Target/usbd_conf.o
                0x0800a956                USBD_LL_CloseEP
 .text.USBD_LL_StallEP
                0x0800a994       0x3e ./USB_Device/Target/usbd_conf.o
                0x0800a994                USBD_LL_StallEP
 .text.USBD_LL_ClearStallEP
                0x0800a9d2       0x3e ./USB_Device/Target/usbd_conf.o
                0x0800a9d2                USBD_LL_ClearStallEP
 .text.USBD_LL_IsStallEP
                0x0800aa10       0x58 ./USB_Device/Target/usbd_conf.o
                0x0800aa10                USBD_LL_IsStallEP
 .text.USBD_LL_SetUSBAddress
                0x0800aa68       0x3e ./USB_Device/Target/usbd_conf.o
                0x0800aa68                USBD_LL_SetUSBAddress
 .text.USBD_LL_Transmit
                0x0800aaa6       0x42 ./USB_Device/Target/usbd_conf.o
                0x0800aaa6                USBD_LL_Transmit
 .text.USBD_LL_PrepareReceive
                0x0800aae8       0x42 ./USB_Device/Target/usbd_conf.o
                0x0800aae8                USBD_LL_PrepareReceive
 .text.USBD_LL_GetRxDataSize
                0x0800ab2a       0x26 ./USB_Device/Target/usbd_conf.o
                0x0800ab2a                USBD_LL_GetRxDataSize
 .text.HAL_PCDEx_LPM_Callback
                0x0800ab50       0x6c ./USB_Device/Target/usbd_conf.o
                0x0800ab50                HAL_PCDEx_LPM_Callback
 .text.USBD_static_malloc
                0x0800abbc       0x1c ./USB_Device/Target/usbd_conf.o
                0x0800abbc                USBD_static_malloc
 .text.USBD_static_free
                0x0800abd8       0x14 ./USB_Device/Target/usbd_conf.o
                0x0800abd8                USBD_static_free
 .text.SystemClockConfig_Resume
                0x0800abec        0xc ./USB_Device/Target/usbd_conf.o
 .text.USBD_Get_USB_Status
                0x0800abf8       0x58 ./USB_Device/Target/usbd_conf.o
 .text.memset   0x0800ac50       0x10 /Applications/STM32CubeIDE.app/Contents/Eclipse/plugins/com.st.stm32cube.ide.mcu.externaltools.gnu-tools-for-stm32.14.3.rel1.macos64_1.0.100.202602081740/tools/bin/../lib/gcc/arm-none-eabi/14.3.1/../../../../arm-none-eabi/lib/thumb/v7e-m+fp/hard/libc_nano.a(libc_a-memset.o)
                0x0800ac50                memset
 .text.__libc_init_array
                0x0800ac60       0x48 /Applications/STM32CubeIDE.app/Contents/Eclipse/plugins/com.st.stm32cube.ide.mcu.externaltools.gnu-tools-for-stm32.14.3.rel1.macos64_1.0.100.202602081740/tools/bin/../lib/gcc/arm-none-eabi/14.3.1/../../../../arm-none-eabi/lib/thumb/v7e-m+fp/hard/libc_nano.a(libc_a-init.o)
                0x0800ac60                __libc_init_array
 .text.memcpy   0x0800aca8       0x1c /Applications/STM32CubeIDE.app/Contents/Eclipse/plugins/com.st.stm32cube.ide.mcu.externaltools.gnu-tools-for-stm32.14.3.rel1.macos64_1.0.100.202602081740/tools/bin/../lib/gcc/arm-none-eabi/14.3.1/../../../../arm-none-eabi/lib/thumb/v7e-m+fp/hard/libc_nano.a(libc_a-memcpy-stub.o)
                0x0800aca8                memcpy
 *(.glue_7)
 .glue_7        0x0800acc4        0x0 linker stubs
 *(.glue_7t)
 .glue_7t       0x0800acc4        0x0 linker stubs
 *(.eh_frame)
 .eh_frame      0x0800acc4        0x0 /Applications/STM32CubeIDE.app/Contents/Eclipse/plugins/com.st.stm32cube.ide.mcu.externaltools.gnu-tools-for-stm32.14.3.rel1.macos64_1.0.100.202602081740/tools/bin/../lib/gcc/arm-none-eabi/14.3.1/thumb/v7e-m+fp/hard/crtbegin.o
 *(.init)
 .init          0x0800acc4        0x4 /Applications/STM32CubeIDE.app/Contents/Eclipse/plugins/com.st.stm32cube.ide.mcu.externaltools.gnu-tools-for-stm32.14.3.rel1.macos64_1.0.100.202602081740/tools/bin/../lib/gcc/arm-none-eabi/14.3.1/thumb/v7e-m+fp/hard/crti.o
                0x0800acc4                _init
 .init          0x0800acc8        0x8 /Applications/STM32CubeIDE.app/Contents/Eclipse/plugins/com.st.stm32cube.ide.mcu.externaltools.gnu-tools-for-stm32.14.3.rel1.macos64_1.0.100.202602081740/tools/bin/../lib/gcc/arm-none-eabi/14.3.1/thumb/v7e-m+fp/hard/crtn.o
 *(.fini)
 .fini          0x0800acd0        0x4 /Applications/STM32CubeIDE.app/Contents/Eclipse/plugins/com.st.stm32cube.ide.mcu.externaltools.gnu-tools-for-stm32.14.3.rel1.macos64_1.0.100.202602081740/tools/bin/../lib/gcc/arm-none-eabi/14.3.1/thumb/v7e-m+fp/hard/crti.o
                0x0800acd0                _fini
 .fini          0x0800acd4        0x8 /Applications/STM32CubeIDE.app/Contents/Eclipse/plugins/com.st.stm32cube.ide.mcu.externaltools.gnu-tools-for-stm32.14.3.rel1.macos64_1.0.100.202602081740/tools/bin/../lib/gcc/arm-none-eabi/14.3.1/thumb/v7e-m+fp/hard/crtn.o
                0x0800acdc                        . = ALIGN (0x4)
                0x0800acdc                        _etext = .

.vfp11_veneer   0x0800acdc        0x0
 .vfp11_veneer  0x0800acdc        0x0 linker stubs

.v4_bx          0x0800acdc        0x0
 .v4_bx         0x0800acdc        0x0 linker stubs

.iplt           0x0800acdc        0x0
 .iplt          0x0800acdc        0x0 /Applications/STM32CubeIDE.app/Contents/Eclipse/plugins/com.st.stm32cube.ide.mcu.externaltools.gnu-tools-for-stm32.14.3.rel1.macos64_1.0.100.202602081740/tools/bin/../lib/gcc/arm-none-eabi/14.3.1/thumb/v7e-m+fp/hard/crtbegin.o

.rodata         0x0800acdc       0xc8
                0x0800acdc                        . = ALIGN (0x4)
 *(.rodata)
 .rodata        0x0800acdc        0xa ./Core/Src/main.o
 *fill*         0x0800ace6        0x2 
 .rodata        0x0800ace8       0x46 ./USB_Device/App/usbd_desc.o
 *(.rodata*)
 *fill*         0x0800ad2e        0x2 
 .rodata.dlc_to_hal
                0x0800ad30       0x24 ./Core/Src/main.o
 .rodata.AHBPrescTable
                0x0800ad54       0x10 ./Core/Src/system_stm32g4xx.o
                0x0800ad54                AHBPrescTable
 .rodata.APBPrescTable
                0x0800ad64        0x8 ./Core/Src/system_stm32g4xx.o
                0x0800ad64                APBPrescTable
 .rodata.DLCtoBytes
                0x0800ad6c       0x10 ./Drivers/STM32G4xx_HAL_Driver/Src/stm32g4xx_hal_fdcan.o
 .rodata.UARTPrescTable
                0x0800ad7c       0x18 ./Drivers/STM32G4xx_HAL_Driver/Src/stm32g4xx_hal_uart.o
                0x0800ad7c                UARTPrescTable
 .rodata.numerator.1
                0x0800ad94        0x8 ./Drivers/STM32G4xx_HAL_Driver/Src/stm32g4xx_hal_uart_ex.o
 .rodata.denominator.0
                0x0800ad9c        0x8 ./Drivers/STM32G4xx_HAL_Driver/Src/stm32g4xx_hal_uart_ex.o
                0x0800ada4                        . = ALIGN (0x4)

.ARM.extab      0x0800ada4        0x0
                0x0800ada4                        . = ALIGN (0x4)
 *(.ARM.extab* .gnu.linkonce.armextab.*)
                0x0800ada4                        . = ALIGN (0x4)

.ARM            0x0800ada4        0x8
                0x0800ada4                        . = ALIGN (0x4)
                0x0800ada4                        __exidx_start = .
 *(.ARM.exidx*)
 .ARM.exidx     0x0800ada4        0x8 /Applications/STM32CubeIDE.app/Contents/Eclipse/plugins/com.st.stm32cube.ide.mcu.externaltools.gnu-tools-for-stm32.14.3.rel1.macos64_1.0.100.202602081740/tools/bin/../lib/gcc/arm-none-eabi/14.3.1/thumb/v7e-m+fp/hard/libgcc.a(_udivmoddi4.o)
                0x0800adac                        __exidx_end = .
                0x0800adac                        . = ALIGN (0x4)

.preinit_array  0x0800adac        0x0
                0x0800adac                        . = ALIGN (0x4)
                0x0800adac                        PROVIDE (__preinit_array_start = .)
 *(.preinit_array*)
                0x0800adac                        PROVIDE (__preinit_array_end = .)
                0x0800adac                        . = ALIGN (0x4)

.init_array     0x0800adac        0x4
                0x0800adac                        . = ALIGN (0x4)
                0x0800adac                        PROVIDE (__init_array_start = .)
 *(SORT_BY_NAME(.init_array.*))
 *(.init_array*)
 .init_array    0x0800adac        0x4 /Applications/STM32CubeIDE.app/Contents/Eclipse/plugins/com.st.stm32cube.ide.mcu.externaltools.gnu-tools-for-stm32.14.3.rel1.macos64_1.0.100.202602081740/tools/bin/../lib/gcc/arm-none-eabi/14.3.1/thumb/v7e-m+fp/hard/crtbegin.o
                0x0800adb0                        PROVIDE (__init_array_end = .)
                0x0800adb0                        . = ALIGN (0x4)

.fini_array     0x0800adb0        0x4
                0x0800adb0                        . = ALIGN (0x4)
                [!provide]                        PROVIDE (__fini_array_start = .)
 *(SORT_BY_NAME(.fini_array.*))
 *(.fini_array*)
 .fini_array    0x0800adb0        0x4 /Applications/STM32CubeIDE.app/Contents/Eclipse/plugins/com.st.stm32cube.ide.mcu.externaltools.gnu-tools-for-stm32.14.3.rel1.macos64_1.0.100.202602081740/tools/bin/../lib/gcc/arm-none-eabi/14.3.1/thumb/v7e-m+fp/hard/crtbegin.o
                [!provide]                        PROVIDE (__fini_array_end = .)
                0x0800adb4                        . = ALIGN (0x4)
                0x0800adb4                        _sidata = LOADADDR (.data)

.rel.dyn        0x0800adb4        0x0
 .rel.iplt      0x0800adb4        0x0 /Applications/STM32CubeIDE.app/Contents/Eclipse/plugins/com.st.stm32cube.ide.mcu.externaltools.gnu-tools-for-stm32.14.3.rel1.macos64_1.0.100.202602081740/tools/bin/../lib/gcc/arm-none-eabi/14.3.1/thumb/v7e-m+fp/hard/crtbegin.o

.data           0x20000000      0x184 load address 0x0800adb4
                0x20000000                        . = ALIGN (0x4)
                0x20000000                        _sdata = .
 *(.data)
 *(.data*)
 .data.SystemCoreClock
                0x20000000        0x4 ./Core/Src/system_stm32g4xx.o
                0x20000000                SystemCoreClock
 .data.uwTickPrio
                0x20000004        0x4 ./Drivers/STM32G4xx_HAL_Driver/Src/stm32g4xx_hal.o
                0x20000004                uwTickPrio
 .data.uwTickFreq
                0x20000008        0x4 ./Drivers/STM32G4xx_HAL_Driver/Src/stm32g4xx_hal.o
                0x20000008                uwTickFreq
 .data.USBD_CDC_DeviceQualifierDesc
                0x2000000c        0xa ./Middlewares/ST/STM32_USB_Device_Library/Class/CDC/Src/usbd_cdc.o
 *fill*         0x20000016        0x2 
 .data.USBD_CDC
                0x20000018       0x38 ./Middlewares/ST/STM32_USB_Device_Library/Class/CDC/Src/usbd_cdc.o
                0x20000018                USBD_CDC
 .data.USBD_CDC_CfgHSDesc
                0x20000050       0x43 ./Middlewares/ST/STM32_USB_Device_Library/Class/CDC/Src/usbd_cdc.o
 *fill*         0x20000093        0x1 
 .data.USBD_CDC_CfgFSDesc
                0x20000094       0x43 ./Middlewares/ST/STM32_USB_Device_Library/Class/CDC/Src/usbd_cdc.o
 *fill*         0x200000d7        0x1 
 .data.USBD_CDC_OtherSpeedCfgDesc
                0x200000d8       0x43 ./Middlewares/ST/STM32_USB_Device_Library/Class/CDC/Src/usbd_cdc.o
 *fill*         0x2000011b        0x1 
 .data.USBD_Interface_fops_FS
                0x2000011c       0x14 ./USB_Device/App/usbd_cdc_if.o
                0x2000011c                USBD_Interface_fops_FS
 .data.CDC_Desc
                0x20000130       0x20 ./USB_Device/App/usbd_desc.o
                0x20000130                CDC_Desc
 .data.USBD_CDC_DeviceDesc
                0x20000150       0x12 ./USB_Device/App/usbd_desc.o
                0x20000150                USBD_CDC_DeviceDesc
 *fill*         0x20000162        0x2 
 .data.USBD_LangIDDesc
                0x20000164        0x4 ./USB_Device/App/usbd_desc.o
                0x20000164                USBD_LangIDDesc
 .data.USBD_StringSerial
                0x20000168       0x1a ./USB_Device/App/usbd_desc.o
                0x20000168                USBD_StringSerial
 *(.RamFunc)
 *(.RamFunc*)
                0x20000184                        . = ALIGN (0x4)
 *fill*         0x20000182        0x2 
                0x20000184                        _edata = .

.igot.plt       0x20000184        0x0 load address 0x0800af38
 .igot.plt      0x20000184        0x0 /Applications/STM32CubeIDE.app/Contents/Eclipse/plugins/com.st.stm32cube.ide.mcu.externaltools.gnu-tools-for-stm32.14.3.rel1.macos64_1.0.100.202602081740/tools/bin/../lib/gcc/arm-none-eabi/14.3.1/thumb/v7e-m+fp/hard/crtbegin.o
                0x20000184                        . = ALIGN (0x4)

.bss            0x20000184     0x3c0c load address 0x0800af38
                0x20000184                        _sbss = .
                0x20000184                        __bss_start__ = _sbss
 *(.bss)
 .bss           0x20000184       0x1c /Applications/STM32CubeIDE.app/Contents/Eclipse/plugins/com.st.stm32cube.ide.mcu.externaltools.gnu-tools-for-stm32.14.3.rel1.macos64_1.0.100.202602081740/tools/bin/../lib/gcc/arm-none-eabi/14.3.1/thumb/v7e-m+fp/hard/crtbegin.o
 *(.bss*)
 .bss.hfdcan2   0x200001a0       0x64 ./Core/Src/main.o
                0x200001a0                hfdcan2
 .bss.hfdcan3   0x20000204       0x64 ./Core/Src/main.o
                0x20000204                hfdcan3
 .bss.huart3    0x20000268       0x94 ./Core/Src/main.o
                0x20000268                huart3
 .bss.uart_rx_byte
                0x200002fc        0x1 ./Core/Src/main.o
 .bss.st        0x200002fd        0x1 ./Core/Src/main.o
 .bss.pkt_len   0x200002fe        0x1 ./Core/Src/main.o
 *fill*         0x200002ff        0x1 
 .bss.body      0x20000300       0x20 ./Core/Src/main.o
 .bss.body_idx  0x20000320        0x1 ./Core/Src/main.o
 *fill*         0x20000321        0x3 
 .bss.tx_ring   0x20000324     0x2080 ./Core/Src/main.o
 .bss.tx_head   0x200023a4        0x1 ./Core/Src/main.o
 .bss.tx_tail   0x200023a5        0x1 ./Core/Src/main.o
 *fill*         0x200023a6        0x2 
 .bss.can_rx_irq_count
                0x200023a8        0x4 ./Core/Src/main.o
                0x200023a8                can_rx_irq_count
 .bss.can_getmsg_fail
                0x200023ac        0x4 ./Core/Src/main.o
                0x200023ac                can_getmsg_fail
 .bss.uart_tx_pkts
                0x200023b0        0x4 ./Core/Src/main.o
                0x200023b0                uart_tx_pkts
 .bss.ring_drops
                0x200023b4        0x4 ./Core/Src/main.o
                0x200023b4                ring_drops
 .bss.HAL_RCC_FDCAN_CLK_ENABLED
                0x200023b8        0x4 ./Core/Src/stm32g4xx_hal_msp.o
 .bss.uwTick    0x200023bc        0x4 ./Drivers/STM32G4xx_HAL_Driver/Src/stm32g4xx_hal.o
                0x200023bc                uwTick
 .bss.cfgidx.0  0x200023c0        0x1 ./Middlewares/ST/STM32_USB_Device_Library/Core/Src/usbd_ctlreq.o
 *fill*         0x200023c1        0x3 
 .bss.hUsbDeviceFS
                0x200023c4      0x2d0 ./USB_Device/App/usb_device.o
                0x200023c4                hUsbDeviceFS
 .bss.UserRxBufferFS
                0x20002694      0x800 ./USB_Device/App/usbd_cdc_if.o
                0x20002694                UserRxBufferFS
 .bss.UserTxBufferFS
                0x20002e94      0x800 ./USB_Device/App/usbd_cdc_if.o
                0x20002e94                UserTxBufferFS
 .bss.USBD_StrDesc
                0x20003694      0x200 ./USB_Device/App/usbd_desc.o
                0x20003694                USBD_StrDesc
 .bss.hpcd_USB_FS
                0x20003894      0x2dc ./USB_Device/Target/usbd_conf.o
                0x20003894                hpcd_USB_FS
 .bss.mem.0     0x20003b70      0x220 ./USB_Device/Target/usbd_conf.o
 *(COMMON)
                0x20003d90                        . = ALIGN (0x4)
                0x20003d90                        _ebss = .
                0x20003d90                        __bss_end__ = _ebss

._user_heap_stack
                0x20003d90      0x600 load address 0x0800af38
                0x20003d90                        . = ALIGN (0x8)
                [!provide]                        PROVIDE (end = .)
                0x20003d90                        PROVIDE (_end = .)
                0x20003f90                        . = (. + _Min_Heap_Size)
 *fill*         0x20003d90      0x200 
                0x20004390                        . = (. + _Min_Stack_Size)
 *fill*         0x20003f90      0x400 
                0x20004390                        . = ALIGN (0x8)

/DISCARD/
 libc.a(*)
 libm.a(*)
 libgcc.a(*)

.ARM.attributes
                0x00000000       0x30
 *(.ARM.attributes)
 .ARM.attributes
                0x00000000       0x22 /Applications/STM32CubeIDE.app/Contents/Eclipse/plugins/com.st.stm32cube.ide.mcu.externaltools.gnu-tools-for-stm32.14.3.rel1.macos64_1.0.100.202602081740/tools/bin/../lib/gcc/arm-none-eabi/14.3.1/thumb/v7e-m+fp/hard/crti.o
 .ARM.attributes
                0x00000022       0x34 /Applications/STM32CubeIDE.app/Contents/Eclipse/plugins/com.st.stm32cube.ide.mcu.externaltools.gnu-tools-for-stm32.14.3.rel1.macos64_1.0.100.202602081740/tools/bin/../lib/gcc/arm-none-eabi/14.3.1/thumb/v7e-m+fp/hard/crtbegin.o
 .ARM.attributes
                0x00000056       0x34 ./Core/Src/main.o
 .ARM.attributes
                0x0000008a       0x34 ./Core/Src/stm32g4xx_hal_msp.o
 .ARM.attributes
                0x000000be       0x34 ./Core/Src/stm32g4xx_it.o
 .ARM.attributes
                0x000000f2       0x34 ./Core/Src/system_stm32g4xx.o
 .ARM.attributes
                0x00000126       0x21 ./Core/Startup/startup_stm32g474ceux.o
 .ARM.attributes
                0x00000147       0x34 ./Drivers/STM32G4xx_HAL_Driver/Src/stm32g4xx_hal.o
 .ARM.attributes
                0x0000017b       0x34 ./Drivers/STM32G4xx_HAL_Driver/Src/stm32g4xx_hal_cortex.o
 .ARM.attributes
                0x000001af       0x34 ./Drivers/STM32G4xx_HAL_Driver/Src/stm32g4xx_hal_fdcan.o
 .ARM.attributes
                0x000001e3       0x34 ./Drivers/STM32G4xx_HAL_Driver/Src/stm32g4xx_hal_gpio.o
 .ARM.attributes
                0x00000217       0x34 ./Drivers/STM32G4xx_HAL_Driver/Src/stm32g4xx_hal_pcd.o
 .ARM.attributes
                0x0000024b       0x34 ./Drivers/STM32G4xx_HAL_Driver/Src/stm32g4xx_hal_pcd_ex.o
 .ARM.attributes
                0x0000027f       0x34 ./Drivers/STM32G4xx_HAL_Driver/Src/stm32g4xx_hal_pwr_ex.o
 .ARM.attributes
                0x000002b3       0x34 ./Drivers/STM32G4xx_HAL_Driver/Src/stm32g4xx_hal_rcc.o
 .ARM.attributes
                0x000002e7       0x34 ./Drivers/STM32G4xx_HAL_Driver/Src/stm32g4xx_hal_rcc_ex.o
 .ARM.attributes
                0x0000031b       0x34 ./Drivers/STM32G4xx_HAL_Driver/Src/stm32g4xx_hal_uart.o
 .ARM.attributes
                0x0000034f       0x34 ./Drivers/STM32G4xx_HAL_Driver/Src/stm32g4xx_hal_uart_ex.o
 .ARM.attributes
                0x00000383       0x34 ./Drivers/STM32G4xx_HAL_Driver/Src/stm32g4xx_ll_usb.o
 .ARM.attributes
                0x000003b7       0x34 ./Middlewares/ST/STM32_USB_Device_Library/Class/CDC/Src/usbd_cdc.o
 .ARM.attributes
                0x000003eb       0x34 ./Middlewares/ST/STM32_USB_Device_Library/Core/Src/usbd_core.o
 .ARM.attributes
                0x0000041f       0x34 ./Middlewares/ST/STM32_USB_Device_Library/Core/Src/usbd_ctlreq.o
 .ARM.attributes
                0x00000453       0x34 ./Middlewares/ST/STM32_USB_Device_Library/Core/Src/usbd_ioreq.o
 .ARM.attributes
                0x00000487       0x34 ./USB_Device/App/usb_device.o
 .ARM.attributes
                0x000004bb       0x34 ./USB_Device/App/usbd_cdc_if.o
 .ARM.attributes
                0x000004ef       0x34 ./USB_Device/App/usbd_desc.o
 .ARM.attributes
                0x00000523       0x34 ./USB_Device/Target/usbd_conf.o
 .ARM.attributes
                0x00000557       0x34 /Applications/STM32CubeIDE.app/Contents/Eclipse/plugins/com.st.stm32cube.ide.mcu.externaltools.gnu-tools-for-stm32.14.3.rel1.macos64_1.0.100.202602081740/tools/bin/../lib/gcc/arm-none-eabi/14.3.1/../../../../arm-none-eabi/lib/thumb/v7e-m+fp/hard/libc_nano.a(libc_a-memset.o)
 .ARM.attributes
                0x0000058b       0x34 /Applications/STM32CubeIDE.app/Contents/Eclipse/plugins/com.st.stm32cube.ide.mcu.externaltools.gnu-tools-for-stm32.14.3.rel1.macos64_1.0.100.202602081740/tools/bin/../lib/gcc/arm-none-eabi/14.3.1/../../../../arm-none-eabi/lib/thumb/v7e-m+fp/hard/libc_nano.a(libc_a-init.o)
 .ARM.attributes
                0x000005bf       0x34 /Applications/STM32CubeIDE.app/Contents/Eclipse/plugins/com.st.stm32cube.ide.mcu.externaltools.gnu-tools-for-stm32.14.3.rel1.macos64_1.0.100.202602081740/tools/bin/../lib/gcc/arm-none-eabi/14.3.1/../../../../arm-none-eabi/lib/thumb/v7e-m+fp/hard/libc_nano.a(libc_a-memcpy-stub.o)
 .ARM.attributes
                0x000005f3       0x22 /Applications/STM32CubeIDE.app/Contents/Eclipse/plugins/com.st.stm32cube.ide.mcu.externaltools.gnu-tools-for-stm32.14.3.rel1.macos64_1.0.100.202602081740/tools/bin/../lib/gcc/arm-none-eabi/14.3.1/thumb/v7e-m+fp/hard/libgcc.a(_aeabi_uldivmod.o)
 .ARM.attributes
                0x00000615       0x34 /Applications/STM32CubeIDE.app/Contents/Eclipse/plugins/com.st.stm32cube.ide.mcu.externaltools.gnu-tools-for-stm32.14.3.rel1.macos64_1.0.100.202602081740/tools/bin/../lib/gcc/arm-none-eabi/14.3.1/thumb/v7e-m+fp/hard/libgcc.a(_udivmoddi4.o)
 .ARM.attributes
                0x00000649       0x22 /Applications/STM32CubeIDE.app/Contents/Eclipse/plugins/com.st.stm32cube.ide.mcu.externaltools.gnu-tools-for-stm32.14.3.rel1.macos64_1.0.100.202602081740/tools/bin/../lib/gcc/arm-none-eabi/14.3.1/thumb/v7e-m+fp/hard/libgcc.a(_dvmd_tls.o)
 .ARM.attributes
                0x0000066b       0x22 /Applications/STM32CubeIDE.app/Contents/Eclipse/plugins/com.st.stm32cube.ide.mcu.externaltools.gnu-tools-for-stm32.14.3.rel1.macos64_1.0.100.202602081740/tools/bin/../lib/gcc/arm-none-eabi/14.3.1/thumb/v7e-m+fp/hard/crtn.o
OUTPUT(radio_stm.elf elf32-littlearm)
LOAD linker stubs
LOAD /Applications/STM32CubeIDE.app/Contents/Eclipse/plugins/com.st.stm32cube.ide.mcu.externaltools.gnu-tools-for-stm32.14.3.rel1.macos64_1.0.100.202602081740/tools/bin/../lib/gcc/arm-none-eabi/14.3.1/../../../../arm-none-eabi/lib/thumb/v7e-m+fp/hard/libc.a
LOAD /Applications/STM32CubeIDE.app/Contents/Eclipse/plugins/com.st.stm32cube.ide.mcu.externaltools.gnu-tools-for-stm32.14.3.rel1.macos64_1.0.100.202602081740/tools/bin/../lib/gcc/arm-none-eabi/14.3.1/../../../../arm-none-eabi/lib/thumb/v7e-m+fp/hard/libm.a
LOAD /Applications/STM32CubeIDE.app/Contents/Eclipse/plugins/com.st.stm32cube.ide.mcu.externaltools.gnu-tools-for-stm32.14.3.rel1.macos64_1.0.100.202602081740/tools/bin/../lib/gcc/arm-none-eabi/14.3.1/thumb/v7e-m+fp/hard/libgcc.a

.debug_info     0x00000000    0x189c7
 .debug_info    0x00000000     0x1c34 ./Core/Src/main.o
 .debug_info    0x00001c34     0x160d ./Core/Src/stm32g4xx_hal_msp.o
 .debug_info    0x00003241      0xb54 ./Core/Src/stm32g4xx_it.o
 .debug_info    0x00003d95      0x58a ./Core/Src/system_stm32g4xx.o
 .debug_info    0x0000431f       0x30 ./Core/Startup/startup_stm32g474ceux.o
 .debug_info    0x0000434f      0xb91 ./Drivers/STM32G4xx_HAL_Driver/Src/stm32g4xx_hal.o
 .debug_info    0x00004ee0      0xdf5 ./Drivers/STM32G4xx_HAL_Driver/Src/stm32g4xx_hal_cortex.o
 .debug_info    0x00005cd5     0x18b6 ./Drivers/STM32G4xx_HAL_Driver/Src/stm32g4xx_hal_fdcan.o
 .debug_info    0x0000758b      0x76e ./Drivers/STM32G4xx_HAL_Driver/Src/stm32g4xx_hal_gpio.o
 .debug_info    0x00007cf9     0x1666 ./Drivers/STM32G4xx_HAL_Driver/Src/stm32g4xx_hal_pcd.o
 .debug_info    0x0000935f      0x806 ./Drivers/STM32G4xx_HAL_Driver/Src/stm32g4xx_hal_pcd_ex.o
 .debug_info    0x00009b65      0x940 ./Drivers/STM32G4xx_HAL_Driver/Src/stm32g4xx_hal_pwr_ex.o
 .debug_info    0x0000a4a5      0xbf5 ./Drivers/STM32G4xx_HAL_Driver/Src/stm32g4xx_hal_rcc.o
 .debug_info    0x0000b09a      0xc59 ./Drivers/STM32G4xx_HAL_Driver/Src/stm32g4xx_hal_rcc_ex.o
 .debug_info    0x0000bcf3     0x4850 ./Drivers/STM32G4xx_HAL_Driver/Src/stm32g4xx_hal_uart.o
 .debug_info    0x00010543      0xfd8 ./Drivers/STM32G4xx_HAL_Driver/Src/stm32g4xx_hal_uart_ex.o
 .debug_info    0x0001151b     0x1573 ./Drivers/STM32G4xx_HAL_Driver/Src/stm32g4xx_ll_usb.o
 .debug_info    0x00012a8e     0x1120 ./Middlewares/ST/STM32_USB_Device_Library/Class/CDC/Src/usbd_cdc.o
 .debug_info    0x00013bae      0xb17 ./Middlewares/ST/STM32_USB_Device_Library/Core/Src/usbd_core.o
 .debug_info    0x000146c5      0xa53 ./Middlewares/ST/STM32_USB_Device_Library/Core/Src/usbd_ctlreq.o
 .debug_info    0x00015118      0x71c ./Middlewares/ST/STM32_USB_Device_Library/Core/Src/usbd_ioreq.o
 .debug_info    0x00015834      0x6d3 ./USB_Device/App/usb_device.o
 .debug_info    0x00015f07      0x8ba ./USB_Device/App/usbd_cdc_if.o
 .debug_info    0x000167c1      0x45b ./USB_Device/App/usbd_desc.o
 .debug_info    0x00016c1c     0x1dab ./USB_Device/Target/usbd_conf.o

.debug_abbrev   0x00000000     0x3870
 .debug_abbrev  0x00000000      0x34d ./Core/Src/main.o
 .debug_abbrev  0x0000034d      0x226 ./Core/Src/stm32g4xx_hal_msp.o
 .debug_abbrev  0x00000573      0x192 ./Core/Src/stm32g4xx_it.o
 .debug_abbrev  0x00000705      0x118 ./Core/Src/system_stm32g4xx.o
 .debug_abbrev  0x0000081d       0x24 ./Core/Startup/startup_stm32g474ceux.o
 .debug_abbrev  0x00000841      0x26f ./Drivers/STM32G4xx_HAL_Driver/Src/stm32g4xx_hal.o
 .debug_abbrev  0x00000ab0      0x31a ./Drivers/STM32G4xx_HAL_Driver/Src/stm32g4xx_hal_cortex.o
 .debug_abbrev  0x00000dca      0x1e5 ./Drivers/STM32G4xx_HAL_Driver/Src/stm32g4xx_hal_fdcan.o
 .debug_abbrev  0x00000faf      0x1d0 ./Drivers/STM32G4xx_HAL_Driver/Src/stm32g4xx_hal_gpio.o
 .debug_abbrev  0x0000117f      0x2b7 ./Drivers/STM32G4xx_HAL_Driver/Src/stm32g4xx_hal_pcd.o
 .debug_abbrev  0x00001436      0x226 ./Drivers/STM32G4xx_HAL_Driver/Src/stm32g4xx_hal_pcd_ex.o
 .debug_abbrev  0x0000165c      0x22a ./Drivers/STM32G4xx_HAL_Driver/Src/stm32g4xx_hal_pwr_ex.o
 .debug_abbrev  0x00001886      0x2c7 ./Drivers/STM32G4xx_HAL_Driver/Src/stm32g4xx_hal_rcc.o
 .debug_abbrev  0x00001b4d      0x25f ./Drivers/STM32G4xx_HAL_Driver/Src/stm32g4xx_hal_rcc_ex.o
 .debug_abbrev  0x00001dac      0x302 ./Drivers/STM32G4xx_HAL_Driver/Src/stm32g4xx_hal_uart.o
 .debug_abbrev  0x000020ae      0x2d0 ./Drivers/STM32G4xx_HAL_Driver/Src/stm32g4xx_hal_uart_ex.o
 .debug_abbrev  0x0000237e      0x245 ./Drivers/STM32G4xx_HAL_Driver/Src/stm32g4xx_ll_usb.o
 .debug_abbrev  0x000025c3      0x2ba ./Middlewares/ST/STM32_USB_Device_Library/Class/CDC/Src/usbd_cdc.o
 .debug_abbrev  0x0000287d      0x24d ./Middlewares/ST/STM32_USB_Device_Library/Core/Src/usbd_core.o
 .debug_abbrev  0x00002aca      0x27c ./Middlewares/ST/STM32_USB_Device_Library/Core/Src/usbd_ctlreq.o
 .debug_abbrev  0x00002d46      0x1a7 ./Middlewares/ST/STM32_USB_Device_Library/Core/Src/usbd_ioreq.o
 .debug_abbrev  0x00002eed      0x1a2 ./USB_Device/App/usb_device.o
 .debug_abbrev  0x0000308f      0x2ab ./USB_Device/App/usbd_cdc_if.o
 .debug_abbrev  0x0000333a      0x20c ./USB_Device/App/usbd_desc.o
 .debug_abbrev  0x00003546      0x32a ./USB_Device/Target/usbd_conf.o

.debug_aranges  0x00000000     0x1268
 .debug_aranges
                0x00000000       0xb0 ./Core/Src/main.o
 .debug_aranges
                0x000000b0       0x40 ./Core/Src/stm32g4xx_hal_msp.o
 .debug_aranges
                0x000000f0       0x78 ./Core/Src/stm32g4xx_it.o
 .debug_aranges
                0x00000168       0x28 ./Core/Src/system_stm32g4xx.o
 .debug_aranges
                0x00000190       0x28 ./Core/Startup/startup_stm32g474ceux.o
 .debug_aranges
                0x000001b8      0x148 ./Drivers/STM32G4xx_HAL_Driver/Src/stm32g4xx_hal.o
 .debug_aranges
                0x00000300      0x128 ./Drivers/STM32G4xx_HAL_Driver/Src/stm32g4xx_hal_cortex.o
 .debug_aranges
                0x00000428      0x208 ./Drivers/STM32G4xx_HAL_Driver/Src/stm32g4xx_hal_fdcan.o
 .debug_aranges
                0x00000630       0x58 ./Drivers/STM32G4xx_HAL_Driver/Src/stm32g4xx_hal_gpio.o
 .debug_aranges
                0x00000688      0x138 ./Drivers/STM32G4xx_HAL_Driver/Src/stm32g4xx_hal_pcd.o
 .debug_aranges
                0x000007c0       0x58 ./Drivers/STM32G4xx_HAL_Driver/Src/stm32g4xx_hal_pcd_ex.o
 .debug_aranges
                0x00000818      0x140 ./Drivers/STM32G4xx_HAL_Driver/Src/stm32g4xx_hal_pwr_ex.o
 .debug_aranges
                0x00000958       0x98 ./Drivers/STM32G4xx_HAL_Driver/Src/stm32g4xx_hal_rcc.o
 .debug_aranges
                0x000009f0       0xb0 ./Drivers/STM32G4xx_HAL_Driver/Src/stm32g4xx_hal_rcc_ex.o
 .debug_aranges
                0x00000aa0      0x248 ./Drivers/STM32G4xx_HAL_Driver/Src/stm32g4xx_hal_uart.o
 .debug_aranges
                0x00000ce8       0xa8 ./Drivers/STM32G4xx_HAL_Driver/Src/stm32g4xx_hal_uart_ex.o
 .debug_aranges
                0x00000d90       0xc8 ./Drivers/STM32G4xx_HAL_Driver/Src/stm32g4xx_ll_usb.o
 .debug_aranges
                0x00000e58       0x90 ./Middlewares/ST/STM32_USB_Device_Library/Class/CDC/Src/usbd_cdc.o
 .debug_aranges
                0x00000ee8       0xb8 ./Middlewares/ST/STM32_USB_Device_Library/Core/Src/usbd_core.o
 .debug_aranges
                0x00000fa0       0x90 ./Middlewares/ST/STM32_USB_Device_Library/Core/Src/usbd_ctlreq.o
 .debug_aranges
                0x00001030       0x50 ./Middlewares/ST/STM32_USB_Device_Library/Core/Src/usbd_ioreq.o
 .debug_aranges
                0x00001080       0x20 ./USB_Device/App/usb_device.o
 .debug_aranges
                0x000010a0       0x48 ./USB_Device/App/usbd_cdc_if.o
 .debug_aranges
                0x000010e8       0x60 ./USB_Device/App/usbd_desc.o
 .debug_aranges
                0x00001148      0x120 ./USB_Device/Target/usbd_conf.o

.debug_rnglists
                0x00000000      0xdfe
 .debug_rnglists
                0x00000000       0x95 ./Core/Src/main.o
 .debug_rnglists
                0x00000095       0x2e ./Core/Src/stm32g4xx_hal_msp.o
 .debug_rnglists
                0x000000c3       0x55 ./Core/Src/stm32g4xx_it.o
 .debug_rnglists
                0x00000118       0x1a ./Core/Src/system_stm32g4xx.o
 .debug_rnglists
                0x00000132       0x19 ./Core/Startup/startup_stm32g474ceux.o
 .debug_rnglists
                0x0000014b       0xf1 ./Drivers/STM32G4xx_HAL_Driver/Src/stm32g4xx_hal.o
 .debug_rnglists
                0x0000023c       0xda ./Drivers/STM32G4xx_HAL_Driver/Src/stm32g4xx_hal_cortex.o
 .debug_rnglists
                0x00000316      0x18d ./Drivers/STM32G4xx_HAL_Driver/Src/stm32g4xx_hal_fdcan.o
 .debug_rnglists
                0x000004a3       0x3f ./Drivers/STM32G4xx_HAL_Driver/Src/stm32g4xx_hal_gpio.o
 .debug_rnglists
                0x000004e2       0xee ./Drivers/STM32G4xx_HAL_Driver/Src/stm32g4xx_hal_pcd.o
 .debug_rnglists
                0x000005d0       0x3f ./Drivers/STM32G4xx_HAL_Driver/Src/stm32g4xx_hal_pcd_ex.o
 .debug_rnglists
                0x0000060f       0xf1 ./Drivers/STM32G4xx_HAL_Driver/Src/stm32g4xx_hal_pwr_ex.o
 .debug_rnglists
                0x00000700       0x74 ./Drivers/STM32G4xx_HAL_Driver/Src/stm32g4xx_hal_rcc.o
 .debug_rnglists
                0x00000774       0x87 ./Drivers/STM32G4xx_HAL_Driver/Src/stm32g4xx_hal_rcc_ex.o
 .debug_rnglists
                0x000007fb      0x1f7 ./Drivers/STM32G4xx_HAL_Driver/Src/stm32g4xx_hal_uart.o
 .debug_rnglists
                0x000009f2       0x7f ./Drivers/STM32G4xx_HAL_Driver/Src/stm32g4xx_hal_uart_ex.o
 .debug_rnglists
                0x00000a71       0x99 ./Drivers/STM32G4xx_HAL_Driver/Src/stm32g4xx_ll_usb.o
 .debug_rnglists
                0x00000b0a       0x6a ./Middlewares/ST/STM32_USB_Device_Library/Class/CDC/Src/usbd_cdc.o
 .debug_rnglists
                0x00000b74       0x89 ./Middlewares/ST/STM32_USB_Device_Library/Core/Src/usbd_core.o
 .debug_rnglists
                0x00000bfd       0x6e ./Middlewares/ST/STM32_USB_Device_Library/Core/Src/usbd_ctlreq.o
 .debug_rnglists
                0x00000c6b       0x37 ./Middlewares/ST/STM32_USB_Device_Library/Core/Src/usbd_ioreq.o
 .debug_rnglists
                0x00000ca2       0x13 ./USB_Device/App/usb_device.o
 .debug_rnglists
                0x00000cb5       0x32 ./USB_Device/App/usbd_cdc_if.o
 .debug_rnglists
                0x00000ce7       0x43 ./USB_Device/App/usbd_desc.o
 .debug_rnglists
                0x00000d2a       0xd4 ./USB_Device/Target/usbd_conf.o

.debug_line     0x00000000     0xe6df
 .debug_line    0x00000000      0xa12 ./Core/Src/main.o
 .debug_line    0x00000a12      0x47b ./Core/Src/stm32g4xx_hal_msp.o
 .debug_line    0x00000e8d      0x3b7 ./Core/Src/stm32g4xx_it.o
 .debug_line    0x00001244      0x2e3 ./Core/Src/system_stm32g4xx.o
 .debug_line    0x00001527       0x7b ./Core/Startup/startup_stm32g474ceux.o
 .debug_line    0x000015a2      0x71a ./Drivers/STM32G4xx_HAL_Driver/Src/stm32g4xx_hal.o
 .debug_line    0x00001cbc      0x84b ./Drivers/STM32G4xx_HAL_Driver/Src/stm32g4xx_hal_cortex.o
 .debug_line    0x00002507     0x1452 ./Drivers/STM32G4xx_HAL_Driver/Src/stm32g4xx_hal_fdcan.o
 .debug_line    0x00003959      0x6b1 ./Drivers/STM32G4xx_HAL_Driver/Src/stm32g4xx_hal_gpio.o
 .debug_line    0x0000400a      0xe81 ./Drivers/STM32G4xx_HAL_Driver/Src/stm32g4xx_hal_pcd.o
 .debug_line    0x00004e8b      0x43b ./Drivers/STM32G4xx_HAL_Driver/Src/stm32g4xx_hal_pcd_ex.o
 .debug_line    0x000052c6      0x87a ./Drivers/STM32G4xx_HAL_Driver/Src/stm32g4xx_hal_pwr_ex.o
 .debug_line    0x00005b40      0xb97 ./Drivers/STM32G4xx_HAL_Driver/Src/stm32g4xx_hal_rcc.o
 .debug_line    0x000066d7      0xe28 ./Drivers/STM32G4xx_HAL_Driver/Src/stm32g4xx_hal_rcc_ex.o
 .debug_line    0x000074ff     0x31ba ./Drivers/STM32G4xx_HAL_Driver/Src/stm32g4xx_hal_uart.o
 .debug_line    0x0000a6b9      0x876 ./Drivers/STM32G4xx_HAL_Driver/Src/stm32g4xx_hal_uart_ex.o
 .debug_line    0x0000af2f      0xb48 ./Drivers/STM32G4xx_HAL_Driver/Src/stm32g4xx_ll_usb.o
 .debug_line    0x0000ba77      0x725 ./Middlewares/ST/STM32_USB_Device_Library/Class/CDC/Src/usbd_cdc.o
 .debug_line    0x0000c19c      0x6df ./Middlewares/ST/STM32_USB_Device_Library/Core/Src/usbd_core.o
 .debug_line    0x0000c87b      0x965 ./Middlewares/ST/STM32_USB_Device_Library/Core/Src/usbd_ctlreq.o
 .debug_line    0x0000d1e0      0x31d ./Middlewares/ST/STM32_USB_Device_Library/Core/Src/usbd_ioreq.o
 .debug_line    0x0000d4fd      0x2d9 ./USB_Device/App/usb_device.o
 .debug_line    0x0000d7d6      0x32d ./USB_Device/App/usbd_cdc_if.o
 .debug_line    0x0000db03      0x394 ./USB_Device/App/usbd_desc.o
 .debug_line    0x0000de97      0x848 ./USB_Device/Target/usbd_conf.o

.debug_str      0x00000000     0x5f26
 .debug_str     0x00000000     0x5f26 ./Core/Src/main.o
                               0x1300 (size before relaxing)
 .debug_str     0x00005f26     0x1548 ./Core/Src/stm32g4xx_hal_msp.o
 .debug_str     0x00005f26      0x993 ./Core/Src/stm32g4xx_it.o
 .debug_str     0x00005f26      0x405 ./Core/Src/system_stm32g4xx.o
 .debug_str     0x00005f26       0xa4 ./Core/Startup/startup_stm32g474ceux.o
 .debug_str     0x00005f26      0xe7d ./Drivers/STM32G4xx_HAL_Driver/Src/stm32g4xx_hal.o
 .debug_str     0x00005f26      0xdd3 ./Drivers/STM32G4xx_HAL_Driver/Src/stm32g4xx_hal_cortex.o
 .debug_str     0x00005f26     0x1263 ./Drivers/STM32G4xx_HAL_Driver/Src/stm32g4xx_hal_fdcan.o
 .debug_str     0x00005f26      0x57e ./Drivers/STM32G4xx_HAL_Driver/Src/stm32g4xx_hal_gpio.o
 .debug_str     0x00005f26      0xb33 ./Drivers/STM32G4xx_HAL_Driver/Src/stm32g4xx_hal_pcd.o
 .debug_str     0x00005f26      0x7bd ./Drivers/STM32G4xx_HAL_Driver/Src/stm32g4xx_hal_pcd_ex.o
 .debug_str     0x00005f26      0x820 ./Drivers/STM32G4xx_HAL_Driver/Src/stm32g4xx_hal_pwr_ex.o
 .debug_str     0x00005f26      0x893 ./Drivers/STM32G4xx_HAL_Driver/Src/stm32g4xx_hal_rcc.o
 .debug_str     0x00005f26      0xaa3 ./Drivers/STM32G4xx_HAL_Driver/Src/stm32g4xx_hal_rcc_ex.o
 .debug_str     0x00005f26     0x1257 ./Drivers/STM32G4xx_HAL_Driver/Src/stm32g4xx_hal_uart.o
 .debug_str     0x00005f26      0xb9c ./Drivers/STM32G4xx_HAL_Driver/Src/stm32g4xx_hal_uart_ex.o
 .debug_str     0x00005f26      0x6be ./Drivers/STM32G4xx_HAL_Driver/Src/stm32g4xx_ll_usb.o
 .debug_str     0x00005f26      0xce4 ./Middlewares/ST/STM32_USB_Device_Library/Class/CDC/Src/usbd_cdc.o
 .debug_str     0x00005f26      0x8b8 ./Middlewares/ST/STM32_USB_Device_Library/Core/Src/usbd_core.o
 .debug_str     0x00005f26      0x80a ./Middlewares/ST/STM32_USB_Device_Library/Core/Src/usbd_ctlreq.o
 .debug_str     0x00005f26      0x6ff ./Middlewares/ST/STM32_USB_Device_Library/Core/Src/usbd_ioreq.o
 .debug_str     0x00005f26      0x6ee ./USB_Device/App/usb_device.o
 .debug_str     0x00005f26      0x7bb ./USB_Device/App/usbd_cdc_if.o
 .debug_str     0x00005f26      0x4b2 ./USB_Device/App/usbd_desc.o
 .debug_str     0x00005f26     0x189c ./USB_Device/Target/usbd_conf.o

.comment        0x00000000       0x43
 .comment       0x00000000       0x43 ./Core/Src/main.o
                                 0x44 (size before relaxing)
 .comment       0x00000043       0x44 ./Core/Src/stm32g4xx_hal_msp.o
 .comment       0x00000043       0x44 ./Core/Src/stm32g4xx_it.o
 .comment       0x00000043       0x44 ./Core/Src/system_stm32g4xx.o
 .comment       0x00000043       0x44 ./Drivers/STM32G4xx_HAL_Driver/Src/stm32g4xx_hal.o
 .comment       0x00000043       0x44 ./Drivers/STM32G4xx_HAL_Driver/Src/stm32g4xx_hal_cortex.o
 .comment       0x00000043       0x44 ./Drivers/STM32G4xx_HAL_Driver/Src/stm32g4xx_hal_fdcan.o
 .comment       0x00000043       0x44 ./Drivers/STM32G4xx_HAL_Driver/Src/stm32g4xx_hal_gpio.o
 .comment       0x00000043       0x44 ./Drivers/STM32G4xx_HAL_Driver/Src/stm32g4xx_hal_pcd.o
 .comment       0x00000043       0x44 ./Drivers/STM32G4xx_HAL_Driver/Src/stm32g4xx_hal_pcd_ex.o
 .comment       0x00000043       0x44 ./Drivers/STM32G4xx_HAL_Driver/Src/stm32g4xx_hal_pwr_ex.o
 .comment       0x00000043       0x44 ./Drivers/STM32G4xx_HAL_Driver/Src/stm32g4xx_hal_rcc.o
 .comment       0x00000043       0x44 ./Drivers/STM32G4xx_HAL_Driver/Src/stm32g4xx_hal_rcc_ex.o
 .comment       0x00000043       0x44 ./Drivers/STM32G4xx_HAL_Driver/Src/stm32g4xx_hal_uart.o
 .comment       0x00000043       0x44 ./Drivers/STM32G4xx_HAL_Driver/Src/stm32g4xx_hal_uart_ex.o
 .comment       0x00000043       0x44 ./Drivers/STM32G4xx_HAL_Driver/Src/stm32g4xx_ll_usb.o
 .comment       0x00000043       0x44 ./Middlewares/ST/STM32_USB_Device_Library/Class/CDC/Src/usbd_cdc.o
 .comment       0x00000043       0x44 ./Middlewares/ST/STM32_USB_Device_Library/Core/Src/usbd_core.o
 .comment       0x00000043       0x44 ./Middlewares/ST/STM32_USB_Device_Library/Core/Src/usbd_ctlreq.o
 .comment       0x00000043       0x44 ./Middlewares/ST/STM32_USB_Device_Library/Core/Src/usbd_ioreq.o
 .comment       0x00000043       0x44 ./USB_Device/App/usb_device.o
 .comment       0x00000043       0x44 ./USB_Device/App/usbd_cdc_if.o
 .comment       0x00000043       0x44 ./USB_Device/App/usbd_desc.o
 .comment       0x00000043       0x44 ./USB_Device/Target/usbd_conf.o

.debug_frame    0x00000000     0x4780
 .debug_frame   0x00000000      0x298 ./Core/Src/main.o
 .debug_frame   0x00000298       0xcc ./Core/Src/stm32g4xx_hal_msp.o
 .debug_frame   0x00000364      0x14c ./Core/Src/stm32g4xx_it.o
 .debug_frame   0x000004b0       0x50 ./Core/Src/system_stm32g4xx.o
 .debug_frame   0x00000500      0x480 ./Drivers/STM32G4xx_HAL_Driver/Src/stm32g4xx_hal.o
 .debug_frame   0x00000980      0x49c ./Drivers/STM32G4xx_HAL_Driver/Src/stm32g4xx_hal_cortex.o
 .debug_frame   0x00000e1c      0x8d0 ./Drivers/STM32G4xx_HAL_Driver/Src/stm32g4xx_hal_fdcan.o
 .debug_frame   0x000016ec      0x130 ./Drivers/STM32G4xx_HAL_Driver/Src/stm32g4xx_hal_gpio.o
 .debug_frame   0x0000181c      0x530 ./Drivers/STM32G4xx_HAL_Driver/Src/stm32g4xx_hal_pcd.o
 .debug_frame   0x00001d4c      0x130 ./Drivers/STM32G4xx_HAL_Driver/Src/stm32g4xx_hal_pcd_ex.o
 .debug_frame   0x00001e7c      0x46c ./Drivers/STM32G4xx_HAL_Driver/Src/stm32g4xx_hal_pwr_ex.o
 .debug_frame   0x000022e8      0x218 ./Drivers/STM32G4xx_HAL_Driver/Src/stm32g4xx_hal_rcc.o
 .debug_frame   0x00002500      0x27c ./Drivers/STM32G4xx_HAL_Driver/Src/stm32g4xx_hal_rcc_ex.o
 .debug_frame   0x0000277c      0xa18 ./Drivers/STM32G4xx_HAL_Driver/Src/stm32g4xx_hal_uart.o
 .debug_frame   0x00003194      0x29c ./Drivers/STM32G4xx_HAL_Driver/Src/stm32g4xx_hal_uart_ex.o
 .debug_frame   0x00003430      0x32c ./Drivers/STM32G4xx_HAL_Driver/Src/stm32g4xx_ll_usb.o
 .debug_frame   0x0000375c      0x22c ./Middlewares/ST/STM32_USB_Device_Library/Class/CDC/Src/usbd_cdc.o
 .debug_frame   0x00003988      0x2e0 ./Middlewares/ST/STM32_USB_Device_Library/Core/Src/usbd_core.o
 .debug_frame   0x00003c68      0x234 ./Middlewares/ST/STM32_USB_Device_Library/Core/Src/usbd_ctlreq.o
 .debug_frame   0x00003e9c      0x10c ./Middlewares/ST/STM32_USB_Device_Library/Core/Src/usbd_ioreq.o
 .debug_frame   0x00003fa8       0x2c ./USB_Device/App/usb_device.o
 .debug_frame   0x00003fd4       0xd8 ./USB_Device/App/usbd_cdc_if.o
 .debug_frame   0x000040ac      0x154 ./USB_Device/App/usbd_desc.o
 .debug_frame   0x00004200      0x4ac ./USB_Device/Target/usbd_conf.o
 .debug_frame   0x000046ac       0x20 /Applications/STM32CubeIDE.app/Contents/Eclipse/plugins/com.st.stm32cube.ide.mcu.externaltools.gnu-tools-for-stm32.14.3.rel1.macos64_1.0.100.202602081740/tools/bin/../lib/gcc/arm-none-eabi/14.3.1/../../../../arm-none-eabi/lib/thumb/v7e-m+fp/hard/libc_nano.a(libc_a-memset.o)
 .debug_frame   0x000046cc       0x2c /Applications/STM32CubeIDE.app/Contents/Eclipse/plugins/com.st.stm32cube.ide.mcu.externaltools.gnu-tools-for-stm32.14.3.rel1.macos64_1.0.100.202602081740/tools/bin/../lib/gcc/arm-none-eabi/14.3.1/../../../../arm-none-eabi/lib/thumb/v7e-m+fp/hard/libc_nano.a(libc_a-init.o)
 .debug_frame   0x000046f8       0x28 /Applications/STM32CubeIDE.app/Contents/Eclipse/plugins/com.st.stm32cube.ide.mcu.externaltools.gnu-tools-for-stm32.14.3.rel1.macos64_1.0.100.202602081740/tools/bin/../lib/gcc/arm-none-eabi/14.3.1/../../../../arm-none-eabi/lib/thumb/v7e-m+fp/hard/libc_nano.a(libc_a-memcpy-stub.o)
 .debug_frame   0x00004720       0x2c /Applications/STM32CubeIDE.app/Contents/Eclipse/plugins/com.st.stm32cube.ide.mcu.externaltools.gnu-tools-for-stm32.14.3.rel1.macos64_1.0.100.202602081740/tools/bin/../lib/gcc/arm-none-eabi/14.3.1/thumb/v7e-m+fp/hard/libgcc.a(_aeabi_uldivmod.o)
 .debug_frame   0x0000474c       0x34 /Applications/STM32CubeIDE.app/Contents/Eclipse/plugins/com.st.stm32cube.ide.mcu.externaltools.gnu-tools-for-stm32.14.3.rel1.macos64_1.0.100.202602081740/tools/bin/../lib/gcc/arm-none-eabi/14.3.1/thumb/v7e-m+fp/hard/libgcc.a(_udivmoddi4.o)

.debug_line_str
                0x00000000       0x88
 .debug_line_str
                0x00000000       0x88 ./Core/Startup/startup_stm32g474ceux.o
